Archive member included to satisfy reference by file (symbol)

c:/users/hager/dropbox/pc/downloads/avr8-gnu-toolchain-3.7.0.1796-win32.any.x86_64/avr8-gnu-toolchain-win32_x86_64/bin/../lib/gcc/avr/7.3.0/avr5\libgcc.a(_exit.o)
                              c:/users/hager/dropbox/pc/downloads/avr8-gnu-toolchain-3.7.0.1796-win32.any.x86_64/avr8-gnu-toolchain-win32_x86_64/bin/../lib/gcc/avr/7.3.0/../../../../avr/lib/avr5/crtatmega328p.o (exit)
c:/users/hager/dropbox/pc/downloads/avr8-gnu-toolchain-3.7.0.1796-win32.any.x86_64/avr8-gnu-toolchain-win32_x86_64/bin/../lib/gcc/avr/7.3.0/avr5\libgcc.a(_copy_data.o)
                              ./Nvic/Nvic.o (__do_copy_data)
c:/users/hager/dropbox/pc/downloads/avr8-gnu-toolchain-3.7.0.1796-win32.any.x86_64/avr8-gnu-toolchain-win32_x86_64/bin/../lib/gcc/avr/7.3.0/avr5\libgcc.a(_clear_bss.o)
                              ./src/main.o (__do_clear_bss)

Allocating common symbols
Common symbol       size              file

time_counter        0x4               ./Led/LEDM.o
stuck               0x4               ./WatchDog/WDGM.o

Discarded input sections

 .group         0x0000000000000000        0x8 ./src/main.o
 .group         0x0000000000000000        0x8 ./src/main.o
 .group         0x0000000000000000        0x8 ./src/main.o
 .group         0x0000000000000000        0x8 ./src/main.o
 .group         0x0000000000000000        0x8 ./src/main.o
 .group         0x0000000000000000        0x8 ./src/main.o
 .group         0x0000000000000000        0x8 ./src/main.o
 .group         0x0000000000000000        0x8 ./src/main.o
 .group         0x0000000000000000        0x8 ./src/main.o
 .group         0x0000000000000000        0x8 ./src/main.o
 .group         0x0000000000000000        0x8 ./src/main.o
 .group         0x0000000000000000        0x8 ./src/main.o
 .group         0x0000000000000000        0x8 ./src/main.o
 .group         0x0000000000000000        0x8 ./src/main.o
 .group         0x0000000000000000        0x8 ./WatchDog/WDGDRV.o
 .group         0x0000000000000000        0x8 ./WatchDog/WDGDRV.o
 .group         0x0000000000000000        0x8 ./WatchDog/WDGDRV.o
 .group         0x0000000000000000        0x8 ./WatchDog/WDGDRV.o
 .group         0x0000000000000000        0x8 ./WatchDog/WDGDRV.o
 .group         0x0000000000000000        0x8 ./WatchDog/WDGDRV.o
 .group         0x0000000000000000        0x8 ./WatchDog/WDGDRV.o
 .group         0x0000000000000000        0x8 ./WatchDog/WDGDRV.o
 .group         0x0000000000000000        0x8 ./WatchDog/WDGDRV.o
 .group         0x0000000000000000        0x8 ./WatchDog/WDGDRV.o
 .group         0x0000000000000000        0x8 ./WatchDog/WDGDRV.o
 .group         0x0000000000000000        0x8 ./WatchDog/WDGDRV.o
 .group         0x0000000000000000        0x8 ./WatchDog/WDGDRV.o
 .group         0x0000000000000000        0x8 ./WatchDog/WDGDRV.o
 .debug_macro   0x0000000000000000      0xb2c ./WatchDog/WDGDRV.o
 .debug_macro   0x0000000000000000       0xd6 ./WatchDog/WDGDRV.o
 .debug_macro   0x0000000000000000       0x10 ./WatchDog/WDGDRV.o
 .debug_macro   0x0000000000000000      0x1c9 ./WatchDog/WDGDRV.o
 .debug_macro   0x0000000000000000      0x2fc ./WatchDog/WDGDRV.o
 .debug_macro   0x0000000000000000       0x9e ./WatchDog/WDGDRV.o
 .debug_macro   0x0000000000000000     0x1411 ./WatchDog/WDGDRV.o
 .debug_macro   0x0000000000000000      0x13a ./WatchDog/WDGDRV.o
 .debug_macro   0x0000000000000000       0xb7 ./WatchDog/WDGDRV.o
 .debug_macro   0x0000000000000000       0x34 ./WatchDog/WDGDRV.o
 .debug_macro   0x0000000000000000       0x18 ./WatchDog/WDGDRV.o
 .debug_macro   0x0000000000000000       0x6c ./WatchDog/WDGDRV.o
 .group         0x0000000000000000        0x8 ./WatchDog/WDGM.o
 .group         0x0000000000000000        0x8 ./WatchDog/WDGM.o
 .group         0x0000000000000000        0x8 ./WatchDog/WDGM.o
 .group         0x0000000000000000        0x8 ./WatchDog/WDGM.o
 .group         0x0000000000000000        0x8 ./WatchDog/WDGM.o
 .group         0x0000000000000000        0x8 ./WatchDog/WDGM.o
 .group         0x0000000000000000        0x8 ./WatchDog/WDGM.o
 .group         0x0000000000000000        0x8 ./WatchDog/WDGM.o
 .group         0x0000000000000000        0x8 ./WatchDog/WDGM.o
 .group         0x0000000000000000        0x8 ./WatchDog/WDGM.o
 .group         0x0000000000000000        0x8 ./WatchDog/WDGM.o
 .group         0x0000000000000000        0x8 ./WatchDog/WDGM.o
 .group         0x0000000000000000        0x8 ./WatchDog/WDGM.o
 .debug_macro   0x0000000000000000      0xb2c ./WatchDog/WDGM.o
 .debug_macro   0x0000000000000000       0x10 ./WatchDog/WDGM.o
 .debug_macro   0x0000000000000000      0x1c9 ./WatchDog/WDGM.o
 .debug_macro   0x0000000000000000      0x2fc ./WatchDog/WDGM.o
 .debug_macro   0x0000000000000000       0x9e ./WatchDog/WDGM.o
 .debug_macro   0x0000000000000000     0x1411 ./WatchDog/WDGM.o
 .debug_macro   0x0000000000000000      0x13a ./WatchDog/WDGM.o
 .debug_macro   0x0000000000000000       0xb7 ./WatchDog/WDGM.o
 .debug_macro   0x0000000000000000       0x34 ./WatchDog/WDGM.o
 .debug_macro   0x0000000000000000       0x18 ./WatchDog/WDGM.o
 .debug_macro   0x0000000000000000       0x6c ./WatchDog/WDGM.o
 .debug_macro   0x0000000000000000       0x62 ./WatchDog/WDGM.o
 .group         0x0000000000000000        0x8 ./Nvic/Nvic.o
 .group         0x0000000000000000        0x8 ./Nvic/Nvic.o
 .debug_macro   0x0000000000000000      0xb2c ./Nvic/Nvic.o
 .group         0x0000000000000000        0x8 ./Led/LEDM.o
 .group         0x0000000000000000        0x8 ./Led/LEDM.o
 .group         0x0000000000000000        0x8 ./Led/LEDM.o
 .group         0x0000000000000000        0x8 ./Led/LEDM.o
 .group         0x0000000000000000        0x8 ./Led/LEDM.o
 .group         0x0000000000000000        0x8 ./Led/LEDM.o
 .group         0x0000000000000000        0x8 ./Led/LEDM.o
 .group         0x0000000000000000        0x8 ./Led/LEDM.o
 .group         0x0000000000000000        0x8 ./Led/LEDM.o
 .group         0x0000000000000000        0x8 ./Led/LEDM.o
 .group         0x0000000000000000        0x8 ./Led/LEDM.o
 .group         0x0000000000000000        0x8 ./Led/LEDM.o
 .group         0x0000000000000000        0x8 ./Led/LEDM.o
 .group         0x0000000000000000        0x8 ./Led/LEDM.o
 .group         0x0000000000000000        0x8 ./Led/LEDM.o
 .group         0x0000000000000000        0x8 ./Led/LEDM.o
 .debug_macro   0x0000000000000000      0xb2c ./Led/LEDM.o
 .debug_macro   0x0000000000000000       0x16 ./Led/LEDM.o
 .debug_macro   0x0000000000000000       0x10 ./Led/LEDM.o
 .debug_macro   0x0000000000000000      0x1c9 ./Led/LEDM.o
 .debug_macro   0x0000000000000000      0x2fc ./Led/LEDM.o
 .debug_macro   0x0000000000000000       0x9e ./Led/LEDM.o
 .debug_macro   0x0000000000000000     0x1411 ./Led/LEDM.o
 .debug_macro   0x0000000000000000      0x13a ./Led/LEDM.o
 .debug_macro   0x0000000000000000       0x34 ./Led/LEDM.o
 .debug_macro   0x0000000000000000       0x18 ./Led/LEDM.o
 .debug_macro   0x0000000000000000       0x6c ./Led/LEDM.o
 .debug_macro   0x0000000000000000       0x62 ./Led/LEDM.o
 .group         0x0000000000000000        0x8 ./Gpio/GPIO.o
 .group         0x0000000000000000        0x8 ./Gpio/GPIO.o
 .group         0x0000000000000000        0x8 ./Gpio/GPIO.o
 .debug_macro   0x0000000000000000      0xb2c ./Gpio/GPIO.o
 .debug_macro   0x0000000000000000       0x16 ./Gpio/GPIO.o

Memory Configuration

Name             Origin             Length             Attributes
text             0x0000000000000000 0x0000000000008000 xr
data             0x0000000000800100 0x0000000000000800 rw !x
eeprom           0x0000000000810000 0x0000000000000400 rw !x
fuse             0x0000000000820000 0x0000000000000003 rw !x
lock             0x0000000000830000 0x0000000000000400 rw !x
signature        0x0000000000840000 0x0000000000000400 rw !x
user_signatures  0x0000000000850000 0x0000000000000400 rw !x
*default*        0x0000000000000000 0xffffffffffffffff

Linker script and memory map

Address of section .data set to 0x800100
LOAD c:/users/hager/dropbox/pc/downloads/avr8-gnu-toolchain-3.7.0.1796-win32.any.x86_64/avr8-gnu-toolchain-win32_x86_64/bin/../lib/gcc/avr/7.3.0/../../../../avr/lib/avr5/crtatmega328p.o
LOAD ./src/main.o
LOAD ./WatchDog/WDGDRV.o
LOAD ./WatchDog/WDGM.o
LOAD ./Nvic/Nvic.o
LOAD ./Led/LEDM.o
LOAD ./Gpio/GPIO.o
START GROUP
LOAD c:/users/hager/dropbox/pc/downloads/avr8-gnu-toolchain-3.7.0.1796-win32.any.x86_64/avr8-gnu-toolchain-win32_x86_64/bin/../lib/gcc/avr/7.3.0/avr5\libgcc.a
LOAD c:/users/hager/dropbox/pc/downloads/avr8-gnu-toolchain-3.7.0.1796-win32.any.x86_64/avr8-gnu-toolchain-win32_x86_64/bin/../lib/gcc/avr/7.3.0/../../../../avr/lib/avr5\libm.a
LOAD c:/users/hager/dropbox/pc/downloads/avr8-gnu-toolchain-3.7.0.1796-win32.any.x86_64/avr8-gnu-toolchain-win32_x86_64/bin/../lib/gcc/avr/7.3.0/../../../../avr/lib/avr5\libc.a
LOAD c:/users/hager/dropbox/pc/downloads/avr8-gnu-toolchain-3.7.0.1796-win32.any.x86_64/avr8-gnu-toolchain-win32_x86_64/bin/../lib/gcc/avr/7.3.0/../../../../avr/lib/avr5\libatmega328p.a
END GROUP
                0x0000000000000000                __TEXT_REGION_ORIGIN__ = DEFINED (__TEXT_REGION_ORIGIN__)?__TEXT_REGION_ORIGIN__:0x0
                [0x0000000000800100]                __DATA_REGION_ORIGIN__ = DEFINED (__DATA_REGION_ORIGIN__)?__DATA_REGION_ORIGIN__:0x800060
                [0x0000000000008000]                __TEXT_REGION_LENGTH__ = DEFINED (__TEXT_REGION_LENGTH__)?__TEXT_REGION_LENGTH__:0x20000
                [0x0000000000000800]                __DATA_REGION_LENGTH__ = DEFINED (__DATA_REGION_LENGTH__)?__DATA_REGION_LENGTH__:0xffa0
                [0x0000000000000400]                __EEPROM_REGION_LENGTH__ = DEFINED (__EEPROM_REGION_LENGTH__)?__EEPROM_REGION_LENGTH__:0x10000
                [0x0000000000000003]                __FUSE_REGION_LENGTH__ = DEFINED (__FUSE_REGION_LENGTH__)?__FUSE_REGION_LENGTH__:0x400
                0x0000000000000400                __LOCK_REGION_LENGTH__ = DEFINED (__LOCK_REGION_LENGTH__)?__LOCK_REGION_LENGTH__:0x400
                0x0000000000000400                __SIGNATURE_REGION_LENGTH__ = DEFINED (__SIGNATURE_REGION_LENGTH__)?__SIGNATURE_REGION_LENGTH__:0x400
                0x0000000000000400                __USER_SIGNATURE_REGION_LENGTH__ = DEFINED (__USER_SIGNATURE_REGION_LENGTH__)?__USER_SIGNATURE_REGION_LENGTH__:0x400

.hash
 *(.hash)

.dynsym
 *(.dynsym)

.dynstr
 *(.dynstr)

.gnu.version
 *(.gnu.version)

.gnu.version_d
 *(.gnu.version_d)

.gnu.version_r
 *(.gnu.version_r)

.rel.init
 *(.rel.init)

.rela.init
 *(.rela.init)

.rel.text
 *(.rel.text)
 *(.rel.text.*)
 *(.rel.gnu.linkonce.t*)

.rela.text
 *(.rela.text)
 *(.rela.text.*)
 *(.rela.gnu.linkonce.t*)

.rel.fini
 *(.rel.fini)

.rela.fini
 *(.rela.fini)

.rel.rodata
 *(.rel.rodata)
 *(.rel.rodata.*)
 *(.rel.gnu.linkonce.r*)

.rela.rodata
 *(.rela.rodata)
 *(.rela.rodata.*)
 *(.rela.gnu.linkonce.r*)

.rel.data
 *(.rel.data)
 *(.rel.data.*)
 *(.rel.gnu.linkonce.d*)

.rela.data
 *(.rela.data)
 *(.rela.data.*)
 *(.rela.gnu.linkonce.d*)

.rel.ctors
 *(.rel.ctors)

.rela.ctors
 *(.rela.ctors)

.rel.dtors
 *(.rel.dtors)

.rela.dtors
 *(.rela.dtors)

.rel.got
 *(.rel.got)

.rela.got
 *(.rela.got)

.rel.bss
 *(.rel.bss)

.rela.bss
 *(.rela.bss)

.rel.plt
 *(.rel.plt)

.rela.plt
 *(.rela.plt)

.text           0x0000000000000000      0x522
 *(.vectors)
 .vectors       0x0000000000000000       0x68 c:/users/hager/dropbox/pc/downloads/avr8-gnu-toolchain-3.7.0.1796-win32.any.x86_64/avr8-gnu-toolchain-win32_x86_64/bin/../lib/gcc/avr/7.3.0/../../../../avr/lib/avr5/crtatmega328p.o
                0x0000000000000000                __vector_default
                0x0000000000000000                __vectors
 *(.vectors)
 *(.progmem.gcc*)
                0x0000000000000068                . = ALIGN (0x2)
                0x0000000000000068                __trampolines_start = .
 *(.trampolines)
 .trampolines   0x0000000000000068        0x0 linker stubs
 *(.trampolines*)
                0x0000000000000068                __trampolines_end = .
 *libprintf_flt.a:*(.progmem.data)
 *libc.a:*(.progmem.data)
 *(.progmem*)
                0x0000000000000068                . = ALIGN (0x2)
 *(.jumptables)
 *(.jumptables*)
 *(.lowtext)
 *(.lowtext*)
                0x0000000000000068                __ctors_start = .
 *(.ctors)
                0x0000000000000068                __ctors_end = .
                0x0000000000000068                __dtors_start = .
 *(.dtors)
                0x0000000000000068                __dtors_end = .
 SORT(*)(.ctors)
 SORT(*)(.dtors)
 *(.init0)
 .init0         0x0000000000000068        0x0 c:/users/hager/dropbox/pc/downloads/avr8-gnu-toolchain-3.7.0.1796-win32.any.x86_64/avr8-gnu-toolchain-win32_x86_64/bin/../lib/gcc/avr/7.3.0/../../../../avr/lib/avr5/crtatmega328p.o
                0x0000000000000068                __init
 *(.init0)
 *(.init1)
 *(.init1)
 *(.init2)
 .init2         0x0000000000000068        0xc c:/users/hager/dropbox/pc/downloads/avr8-gnu-toolchain-3.7.0.1796-win32.any.x86_64/avr8-gnu-toolchain-win32_x86_64/bin/../lib/gcc/avr/7.3.0/../../../../avr/lib/avr5/crtatmega328p.o
 *(.init2)
 *(.init3)
 *(.init3)
 *(.init4)
 .init4         0x0000000000000074       0x16 c:/users/hager/dropbox/pc/downloads/avr8-gnu-toolchain-3.7.0.1796-win32.any.x86_64/avr8-gnu-toolchain-win32_x86_64/bin/../lib/gcc/avr/7.3.0/avr5\libgcc.a(_copy_data.o)
                0x0000000000000074                __do_copy_data
 .init4         0x000000000000008a       0x10 c:/users/hager/dropbox/pc/downloads/avr8-gnu-toolchain-3.7.0.1796-win32.any.x86_64/avr8-gnu-toolchain-win32_x86_64/bin/../lib/gcc/avr/7.3.0/avr5\libgcc.a(_clear_bss.o)
                0x000000000000008a                __do_clear_bss
 *(.init4)
 *(.init5)
 *(.init5)
 *(.init6)
 *(.init6)
 *(.init7)
 *(.init7)
 *(.init8)
 *(.init8)
 *(.init9)
 .init9         0x000000000000009a        0x8 c:/users/hager/dropbox/pc/downloads/avr8-gnu-toolchain-3.7.0.1796-win32.any.x86_64/avr8-gnu-toolchain-win32_x86_64/bin/../lib/gcc/avr/7.3.0/../../../../avr/lib/avr5/crtatmega328p.o
 *(.init9)
 *(.text)
 .text          0x00000000000000a2        0x4 c:/users/hager/dropbox/pc/downloads/avr8-gnu-toolchain-3.7.0.1796-win32.any.x86_64/avr8-gnu-toolchain-win32_x86_64/bin/../lib/gcc/avr/7.3.0/../../../../avr/lib/avr5/crtatmega328p.o
                0x00000000000000a2                __vector_22
                0x00000000000000a2                __vector_1
                0x00000000000000a2                __vector_24
                0x00000000000000a2                __vector_12
                0x00000000000000a2                __bad_interrupt
                0x00000000000000a2                __vector_6
                0x00000000000000a2                __vector_3
                0x00000000000000a2                __vector_23
                0x00000000000000a2                __vector_25
                0x00000000000000a2                __vector_13
                0x00000000000000a2                __vector_17
                0x00000000000000a2                __vector_19
                0x00000000000000a2                __vector_7
                0x00000000000000a2                __vector_5
                0x00000000000000a2                __vector_4
                0x00000000000000a2                __vector_9
                0x00000000000000a2                __vector_2
                0x00000000000000a2                __vector_21
                0x00000000000000a2                __vector_15
                0x00000000000000a2                __vector_8
                0x00000000000000a2                __vector_10
                0x00000000000000a2                __vector_16
                0x00000000000000a2                __vector_18
                0x00000000000000a2                __vector_20
 .text          0x00000000000000a6        0x0 ./src/main.o
 .text          0x00000000000000a6        0x0 ./WatchDog/WDGDRV.o
 .text          0x00000000000000a6        0x0 ./WatchDog/WDGM.o
 .text          0x00000000000000a6        0x0 ./Nvic/Nvic.o
 .text          0x00000000000000a6        0x0 ./Led/LEDM.o
 .text          0x00000000000000a6        0x0 ./Gpio/GPIO.o
 .text          0x00000000000000a6        0x0 c:/users/hager/dropbox/pc/downloads/avr8-gnu-toolchain-3.7.0.1796-win32.any.x86_64/avr8-gnu-toolchain-win32_x86_64/bin/../lib/gcc/avr/7.3.0/avr5\libgcc.a(_exit.o)
 .text          0x00000000000000a6        0x0 c:/users/hager/dropbox/pc/downloads/avr8-gnu-toolchain-3.7.0.1796-win32.any.x86_64/avr8-gnu-toolchain-win32_x86_64/bin/../lib/gcc/avr/7.3.0/avr5\libgcc.a(_copy_data.o)
 .text          0x00000000000000a6        0x0 c:/users/hager/dropbox/pc/downloads/avr8-gnu-toolchain-3.7.0.1796-win32.any.x86_64/avr8-gnu-toolchain-win32_x86_64/bin/../lib/gcc/avr/7.3.0/avr5\libgcc.a(_clear_bss.o)
                0x00000000000000a6                . = ALIGN (0x2)
 *(.text.*)
 .text.Timer0_Init
                0x00000000000000a6       0x18 ./src/main.o
                0x00000000000000a6                Timer0_Init
 .text.__vector_14
                0x00000000000000be       0x4a ./src/main.o
                0x00000000000000be                __vector_14
 .text.SysInit  0x0000000000000108       0x24 ./src/main.o
                0x0000000000000108                SysInit
 .text.startup.main
                0x000000000000012c       0x72 ./src/main.o
                0x000000000000012c                main
 .text.WDGDrv_Init
                0x000000000000019e       0x42 ./WatchDog/WDGDRV.o
                0x000000000000019e                WDGDrv_Init
 .text.WDGDrv_IsrNotification
                0x00000000000001e0       0x68 ./WatchDog/WDGDRV.o
                0x00000000000001e0                WDGDrv_IsrNotification
 .text.__vector_11
                0x0000000000000248       0x50 ./WatchDog/WDGDRV.o
                0x0000000000000248                __vector_11
 .text.WDGM_Init
                0x0000000000000298       0x3e ./WatchDog/WDGM.o
                0x0000000000000298                WDGM_Init
 .text.WDGM_MainFunction
                0x00000000000002d6       0xd4 ./WatchDog/WDGM.o
                0x00000000000002d6                WDGM_MainFunction
 .text.WDGM_PovideSuppervisionStatus
                0x00000000000003aa        0x6 ./WatchDog/WDGM.o
                0x00000000000003aa                WDGM_PovideSuppervisionStatus
 .text.WDGM_AlivenessIndication
                0x00000000000003b0       0x28 ./WatchDog/WDGM.o
                0x00000000000003b0                WDGM_AlivenessIndication
 .text.Nvic_EnableInterrupt
                0x00000000000003d8       0x50 ./Nvic/Nvic.o
                0x00000000000003d8                Nvic_EnableInterrupt
 .text.Nvic_DisableInterrupt
                0x0000000000000428       0x50 ./Nvic/Nvic.o
                0x0000000000000428                Nvic_DisableInterrupt
 .text.LEDM_Init
                0x0000000000000478       0x22 ./Led/LEDM.o
                0x0000000000000478                LEDM_Init
 .text.LEDM_Manage
                0x000000000000049a       0x5c ./Led/LEDM.o
                0x000000000000049a                LEDM_Manage
 .text.GPIO_Init
                0x00000000000004f6        0x4 ./Gpio/GPIO.o
                0x00000000000004f6                GPIO_Init
 .text.GPIO_Write
                0x00000000000004fa       0x24 ./Gpio/GPIO.o
                0x00000000000004fa                GPIO_Write
 .text.libgcc.mul
                0x000000000000051e        0x0 c:/users/hager/dropbox/pc/downloads/avr8-gnu-toolchain-3.7.0.1796-win32.any.x86_64/avr8-gnu-toolchain-win32_x86_64/bin/../lib/gcc/avr/7.3.0/avr5\libgcc.a(_exit.o)
 .text.libgcc.div
                0x000000000000051e        0x0 c:/users/hager/dropbox/pc/downloads/avr8-gnu-toolchain-3.7.0.1796-win32.any.x86_64/avr8-gnu-toolchain-win32_x86_64/bin/../lib/gcc/avr/7.3.0/avr5\libgcc.a(_exit.o)
 .text.libgcc   0x000000000000051e        0x0 c:/users/hager/dropbox/pc/downloads/avr8-gnu-toolchain-3.7.0.1796-win32.any.x86_64/avr8-gnu-toolchain-win32_x86_64/bin/../lib/gcc/avr/7.3.0/avr5\libgcc.a(_exit.o)
 .text.libgcc.prologue
                0x000000000000051e        0x0 c:/users/hager/dropbox/pc/downloads/avr8-gnu-toolchain-3.7.0.1796-win32.any.x86_64/avr8-gnu-toolchain-win32_x86_64/bin/../lib/gcc/avr/7.3.0/avr5\libgcc.a(_exit.o)
 .text.libgcc.builtins
                0x000000000000051e        0x0 c:/users/hager/dropbox/pc/downloads/avr8-gnu-toolchain-3.7.0.1796-win32.any.x86_64/avr8-gnu-toolchain-win32_x86_64/bin/../lib/gcc/avr/7.3.0/avr5\libgcc.a(_exit.o)
 .text.libgcc.fmul
                0x000000000000051e        0x0 c:/users/hager/dropbox/pc/downloads/avr8-gnu-toolchain-3.7.0.1796-win32.any.x86_64/avr8-gnu-toolchain-win32_x86_64/bin/../lib/gcc/avr/7.3.0/avr5\libgcc.a(_exit.o)
 .text.libgcc.fixed
                0x000000000000051e        0x0 c:/users/hager/dropbox/pc/downloads/avr8-gnu-toolchain-3.7.0.1796-win32.any.x86_64/avr8-gnu-toolchain-win32_x86_64/bin/../lib/gcc/avr/7.3.0/avr5\libgcc.a(_exit.o)
 .text.libgcc.mul
                0x000000000000051e        0x0 c:/users/hager/dropbox/pc/downloads/avr8-gnu-toolchain-3.7.0.1796-win32.any.x86_64/avr8-gnu-toolchain-win32_x86_64/bin/../lib/gcc/avr/7.3.0/avr5\libgcc.a(_copy_data.o)
 .text.libgcc.div
                0x000000000000051e        0x0 c:/users/hager/dropbox/pc/downloads/avr8-gnu-toolchain-3.7.0.1796-win32.any.x86_64/avr8-gnu-toolchain-win32_x86_64/bin/../lib/gcc/avr/7.3.0/avr5\libgcc.a(_copy_data.o)
 .text.libgcc   0x000000000000051e        0x0 c:/users/hager/dropbox/pc/downloads/avr8-gnu-toolchain-3.7.0.1796-win32.any.x86_64/avr8-gnu-toolchain-win32_x86_64/bin/../lib/gcc/avr/7.3.0/avr5\libgcc.a(_copy_data.o)
 .text.libgcc.prologue
                0x000000000000051e        0x0 c:/users/hager/dropbox/pc/downloads/avr8-gnu-toolchain-3.7.0.1796-win32.any.x86_64/avr8-gnu-toolchain-win32_x86_64/bin/../lib/gcc/avr/7.3.0/avr5\libgcc.a(_copy_data.o)
 .text.libgcc.builtins
                0x000000000000051e        0x0 c:/users/hager/dropbox/pc/downloads/avr8-gnu-toolchain-3.7.0.1796-win32.any.x86_64/avr8-gnu-toolchain-win32_x86_64/bin/../lib/gcc/avr/7.3.0/avr5\libgcc.a(_copy_data.o)
 .text.libgcc.fmul
                0x000000000000051e        0x0 c:/users/hager/dropbox/pc/downloads/avr8-gnu-toolchain-3.7.0.1796-win32.any.x86_64/avr8-gnu-toolchain-win32_x86_64/bin/../lib/gcc/avr/7.3.0/avr5\libgcc.a(_copy_data.o)
 .text.libgcc.fixed
                0x000000000000051e        0x0 c:/users/hager/dropbox/pc/downloads/avr8-gnu-toolchain-3.7.0.1796-win32.any.x86_64/avr8-gnu-toolchain-win32_x86_64/bin/../lib/gcc/avr/7.3.0/avr5\libgcc.a(_copy_data.o)
 .text.libgcc.mul
                0x000000000000051e        0x0 c:/users/hager/dropbox/pc/downloads/avr8-gnu-toolchain-3.7.0.1796-win32.any.x86_64/avr8-gnu-toolchain-win32_x86_64/bin/../lib/gcc/avr/7.3.0/avr5\libgcc.a(_clear_bss.o)
 .text.libgcc.div
                0x000000000000051e        0x0 c:/users/hager/dropbox/pc/downloads/avr8-gnu-toolchain-3.7.0.1796-win32.any.x86_64/avr8-gnu-toolchain-win32_x86_64/bin/../lib/gcc/avr/7.3.0/avr5\libgcc.a(_clear_bss.o)
 .text.libgcc   0x000000000000051e        0x0 c:/users/hager/dropbox/pc/downloads/avr8-gnu-toolchain-3.7.0.1796-win32.any.x86_64/avr8-gnu-toolchain-win32_x86_64/bin/../lib/gcc/avr/7.3.0/avr5\libgcc.a(_clear_bss.o)
 .text.libgcc.prologue
                0x000000000000051e        0x0 c:/users/hager/dropbox/pc/downloads/avr8-gnu-toolchain-3.7.0.1796-win32.any.x86_64/avr8-gnu-toolchain-win32_x86_64/bin/../lib/gcc/avr/7.3.0/avr5\libgcc.a(_clear_bss.o)
 .text.libgcc.builtins
                0x000000000000051e        0x0 c:/users/hager/dropbox/pc/downloads/avr8-gnu-toolchain-3.7.0.1796-win32.any.x86_64/avr8-gnu-toolchain-win32_x86_64/bin/../lib/gcc/avr/7.3.0/avr5\libgcc.a(_clear_bss.o)
 .text.libgcc.fmul
                0x000000000000051e        0x0 c:/users/hager/dropbox/pc/downloads/avr8-gnu-toolchain-3.7.0.1796-win32.any.x86_64/avr8-gnu-toolchain-win32_x86_64/bin/../lib/gcc/avr/7.3.0/avr5\libgcc.a(_clear_bss.o)
 .text.libgcc.fixed
                0x000000000000051e        0x0 c:/users/hager/dropbox/pc/downloads/avr8-gnu-toolchain-3.7.0.1796-win32.any.x86_64/avr8-gnu-toolchain-win32_x86_64/bin/../lib/gcc/avr/7.3.0/avr5\libgcc.a(_clear_bss.o)
                0x000000000000051e                . = ALIGN (0x2)
 *(.fini9)
 .fini9         0x000000000000051e        0x0 c:/users/hager/dropbox/pc/downloads/avr8-gnu-toolchain-3.7.0.1796-win32.any.x86_64/avr8-gnu-toolchain-win32_x86_64/bin/../lib/gcc/avr/7.3.0/avr5\libgcc.a(_exit.o)
                0x000000000000051e                _exit
                0x000000000000051e                exit
 *(.fini9)
 *(.fini8)
 *(.fini8)
 *(.fini7)
 *(.fini7)
 *(.fini6)
 *(.fini6)
 *(.fini5)
 *(.fini5)
 *(.fini4)
 *(.fini4)
 *(.fini3)
 *(.fini3)
 *(.fini2)
 *(.fini2)
 *(.fini1)
 *(.fini1)
 *(.fini0)
 .fini0         0x000000000000051e        0x4 c:/users/hager/dropbox/pc/downloads/avr8-gnu-toolchain-3.7.0.1796-win32.any.x86_64/avr8-gnu-toolchain-win32_x86_64/bin/../lib/gcc/avr/7.3.0/avr5\libgcc.a(_exit.o)
 *(.fini0)
                0x0000000000000522                _etext = .

.data           0x0000000000800100       0x12 load address 0x0000000000000522
                0x0000000000800100                PROVIDE (__data_start, .)
 *(.data)
 .data          0x0000000000800100        0x0 c:/users/hager/dropbox/pc/downloads/avr8-gnu-toolchain-3.7.0.1796-win32.any.x86_64/avr8-gnu-toolchain-win32_x86_64/bin/../lib/gcc/avr/7.3.0/../../../../avr/lib/avr5/crtatmega328p.o
 .data          0x0000000000800100        0x0 ./src/main.o
 .data          0x0000000000800100        0x0 ./WatchDog/WDGDRV.o
 .data          0x0000000000800100        0x0 ./WatchDog/WDGM.o
 .data          0x0000000000800100        0x0 ./Nvic/Nvic.o
 .data          0x0000000000800100        0x0 ./Led/LEDM.o
 .data          0x0000000000800100        0x0 ./Gpio/GPIO.o
 .data          0x0000000000800100        0x0 c:/users/hager/dropbox/pc/downloads/avr8-gnu-toolchain-3.7.0.1796-win32.any.x86_64/avr8-gnu-toolchain-win32_x86_64/bin/../lib/gcc/avr/7.3.0/avr5\libgcc.a(_exit.o)
 .data          0x0000000000800100        0x0 c:/users/hager/dropbox/pc/downloads/avr8-gnu-toolchain-3.7.0.1796-win32.any.x86_64/avr8-gnu-toolchain-win32_x86_64/bin/../lib/gcc/avr/7.3.0/avr5\libgcc.a(_copy_data.o)
 .data          0x0000000000800100        0x0 c:/users/hager/dropbox/pc/downloads/avr8-gnu-toolchain-3.7.0.1796-win32.any.x86_64/avr8-gnu-toolchain-win32_x86_64/bin/../lib/gcc/avr/7.3.0/avr5\libgcc.a(_clear_bss.o)
 *(.data*)
 .data.NVIC_ICER
                0x0000000000800100        0x6 ./Nvic/Nvic.o
                0x0000000000800100                NVIC_ICER
 .data.NVIC_ISER
                0x0000000000800106        0x6 ./Nvic/Nvic.o
                0x0000000000800106                NVIC_ISER
 *(.gnu.linkonce.d*)
 *(.rodata)
 *(.rodata*)
 .rodata.GPIO_Addresses
                0x000000000080010c        0x6 ./Gpio/GPIO.o
                0x000000000080010c                GPIO_Addresses
 *(.gnu.linkonce.r*)
                0x0000000000800112                . = ALIGN (0x2)
                0x0000000000800112                _edata = .
                0x0000000000800112                PROVIDE (__data_end, .)

.bss            0x0000000000800112       0x1f
                0x0000000000800112                PROVIDE (__bss_start, .)
 *(.bss)
 .bss           0x0000000000800112        0x0 c:/users/hager/dropbox/pc/downloads/avr8-gnu-toolchain-3.7.0.1796-win32.any.x86_64/avr8-gnu-toolchain-win32_x86_64/bin/../lib/gcc/avr/7.3.0/../../../../avr/lib/avr5/crtatmega328p.o
 .bss           0x0000000000800112        0x0 ./src/main.o
 .bss           0x0000000000800112        0x0 ./WatchDog/WDGDRV.o
 .bss           0x0000000000800112        0x0 ./WatchDog/WDGM.o
 .bss           0x0000000000800112        0x0 ./Nvic/Nvic.o
 .bss           0x0000000000800112        0x0 ./Led/LEDM.o
 .bss           0x0000000000800112        0x0 ./Gpio/GPIO.o
 .bss           0x0000000000800112        0x0 c:/users/hager/dropbox/pc/downloads/avr8-gnu-toolchain-3.7.0.1796-win32.any.x86_64/avr8-gnu-toolchain-win32_x86_64/bin/../lib/gcc/avr/7.3.0/avr5\libgcc.a(_exit.o)
 .bss           0x0000000000800112        0x0 c:/users/hager/dropbox/pc/downloads/avr8-gnu-toolchain-3.7.0.1796-win32.any.x86_64/avr8-gnu-toolchain-win32_x86_64/bin/../lib/gcc/avr/7.3.0/avr5\libgcc.a(_copy_data.o)
 .bss           0x0000000000800112        0x0 c:/users/hager/dropbox/pc/downloads/avr8-gnu-toolchain-3.7.0.1796-win32.any.x86_64/avr8-gnu-toolchain-win32_x86_64/bin/../lib/gcc/avr/7.3.0/avr5\libgcc.a(_clear_bss.o)
 *(.bss*)
 .bss.WDGCounter
                0x0000000000800112        0x1 ./src/main.o
 .bss.time_at_last_10ms
                0x0000000000800113        0x4 ./src/main.o
                0x0000000000800113                time_at_last_10ms
 .bss.current_time
                0x0000000000800117        0x4 ./src/main.o
                0x0000000000800117                current_time
 .bss.is_reset  0x000000000080011b        0x4 ./WatchDog/WDGDRV.o
                0x000000000080011b                is_reset
 .bss.led_no_calls
                0x000000000080011f        0x4 ./WatchDog/WDGM.o
 .bss.wdg_call_count_within_100_ms
                0x0000000000800123        0x4 ./WatchDog/WDGM.o
 .bss.status    0x0000000000800127        0x1 ./WatchDog/WDGM.o
 .bss.led_state
                0x0000000000800128        0x1 ./Led/LEDM.o
 *(COMMON)
 COMMON         0x0000000000800129        0x4 ./WatchDog/WDGM.o
                0x0000000000800129                stuck
 COMMON         0x000000000080012d        0x4 ./Led/LEDM.o
                0x000000000080012d                time_counter
                0x0000000000800131                PROVIDE (__bss_end, .)
                0x0000000000000522                __data_load_start = LOADADDR (.data)
                0x0000000000000534                __data_load_end = (__data_load_start + SIZEOF (.data))

.noinit         0x0000000000800131        0x0
                [!provide]                        PROVIDE (__noinit_start, .)
 *(.noinit*)
                [!provide]                        PROVIDE (__noinit_end, .)
                0x0000000000800131                _end = .
                [!provide]                        PROVIDE (__heap_start, .)

.eeprom         0x0000000000810000        0x0
 *(.eeprom*)
                0x0000000000810000                __eeprom_end = .

.fuse
 *(.fuse)
 *(.lfuse)
 *(.hfuse)
 *(.efuse)

.lock
 *(.lock*)

.signature
 *(.signature*)

.user_signatures
 *(.user_signatures*)

.stab
 *(.stab)

.stabstr
 *(.stabstr)

.stab.excl
 *(.stab.excl)

.stab.exclstr
 *(.stab.exclstr)

.stab.index
 *(.stab.index)

.stab.indexstr
 *(.stab.indexstr)

.comment        0x0000000000000000       0x30
 *(.comment)
 .comment       0x0000000000000000       0x30 ./src/main.o
                                         0x31 (size before relaxing)
 .comment       0x0000000000000030       0x31 ./WatchDog/WDGDRV.o
 .comment       0x0000000000000030       0x31 ./WatchDog/WDGM.o
 .comment       0x0000000000000030       0x31 ./Nvic/Nvic.o
 .comment       0x0000000000000030       0x31 ./Led/LEDM.o
 .comment       0x0000000000000030       0x31 ./Gpio/GPIO.o

.note.gnu.avr.deviceinfo
                0x0000000000000000       0x40
 .note.gnu.avr.deviceinfo
                0x0000000000000000       0x40 c:/users/hager/dropbox/pc/downloads/avr8-gnu-toolchain-3.7.0.1796-win32.any.x86_64/avr8-gnu-toolchain-win32_x86_64/bin/../lib/gcc/avr/7.3.0/../../../../avr/lib/avr5/crtatmega328p.o

.note.gnu.build-id
 *(.note.gnu.build-id)

.debug
 *(.debug)

.line
 *(.line)

.debug_srcinfo
 *(.debug_srcinfo)

.debug_sfnames
 *(.debug_sfnames)

.debug_aranges  0x0000000000000000      0x118
 *(.debug_aranges)
 .debug_aranges
                0x0000000000000000       0x38 ./src/main.o
 .debug_aranges
                0x0000000000000038       0x30 ./WatchDog/WDGDRV.o
 .debug_aranges
                0x0000000000000068       0x38 ./WatchDog/WDGM.o
 .debug_aranges
                0x00000000000000a0       0x28 ./Nvic/Nvic.o
 .debug_aranges
                0x00000000000000c8       0x28 ./Led/LEDM.o
 .debug_aranges
                0x00000000000000f0       0x28 ./Gpio/GPIO.o

.debug_pubnames
 *(.debug_pubnames)

.debug_info     0x0000000000000000      0xf71
 *(.debug_info .gnu.linkonce.wi.*)
 .debug_info    0x0000000000000000      0x5f4 c:/users/hager/dropbox/pc/downloads/avr8-gnu-toolchain-3.7.0.1796-win32.any.x86_64/avr8-gnu-toolchain-win32_x86_64/bin/../lib/gcc/avr/7.3.0/../../../../avr/lib/avr5/crtatmega328p.o
 .debug_info    0x00000000000005f4      0x1cf ./src/main.o
 .debug_info    0x00000000000007c3      0x1e1 ./WatchDog/WDGDRV.o
 .debug_info    0x00000000000009a4      0x162 ./WatchDog/WDGM.o
 .debug_info    0x0000000000000b06      0x170 ./Nvic/Nvic.o
 .debug_info    0x0000000000000c76      0x19f ./Led/LEDM.o
 .debug_info    0x0000000000000e15      0x15c ./Gpio/GPIO.o

.debug_abbrev   0x0000000000000000      0xb31
 *(.debug_abbrev)
 .debug_abbrev  0x0000000000000000      0x5a2 c:/users/hager/dropbox/pc/downloads/avr8-gnu-toolchain-3.7.0.1796-win32.any.x86_64/avr8-gnu-toolchain-win32_x86_64/bin/../lib/gcc/avr/7.3.0/../../../../avr/lib/avr5/crtatmega328p.o
 .debug_abbrev  0x00000000000005a2       0xf4 ./src/main.o
 .debug_abbrev  0x0000000000000696      0x153 ./WatchDog/WDGDRV.o
 .debug_abbrev  0x00000000000007e9       0xaf ./WatchDog/WDGM.o
 .debug_abbrev  0x0000000000000898       0xcc ./Nvic/Nvic.o
 .debug_abbrev  0x0000000000000964       0xdf ./Led/LEDM.o
 .debug_abbrev  0x0000000000000a43       0xee ./Gpio/GPIO.o

.debug_line     0x0000000000000000     0x111e
 *(.debug_line .debug_line.* .debug_line_end)
 .debug_line    0x0000000000000000       0x1a c:/users/hager/dropbox/pc/downloads/avr8-gnu-toolchain-3.7.0.1796-win32.any.x86_64/avr8-gnu-toolchain-win32_x86_64/bin/../lib/gcc/avr/7.3.0/../../../../avr/lib/avr5/crtatmega328p.o
 .debug_line    0x000000000000001a      0x478 ./src/main.o
 .debug_line    0x0000000000000492      0x37e ./WatchDog/WDGDRV.o
 .debug_line    0x0000000000000810      0x373 ./WatchDog/WDGM.o
 .debug_line    0x0000000000000b83       0xff ./Nvic/Nvic.o
 .debug_line    0x0000000000000c82      0x3b4 ./Led/LEDM.o
 .debug_line    0x0000000000001036       0xe8 ./Gpio/GPIO.o

.debug_frame    0x0000000000000000      0x1f0
 *(.debug_frame)
 .debug_frame   0x0000000000000000       0x74 ./src/main.o
 .debug_frame   0x0000000000000074       0x8c ./WatchDog/WDGDRV.o
 .debug_frame   0x0000000000000100       0x54 ./WatchDog/WDGM.o
 .debug_frame   0x0000000000000154       0x34 ./Nvic/Nvic.o
 .debug_frame   0x0000000000000188       0x34 ./Led/LEDM.o
 .debug_frame   0x00000000000001bc       0x34 ./Gpio/GPIO.o

.debug_str      0x0000000000000000     0x7b08
 *(.debug_str)
 .debug_str     0x0000000000000000      0x208 c:/users/hager/dropbox/pc/downloads/avr8-gnu-toolchain-3.7.0.1796-win32.any.x86_64/avr8-gnu-toolchain-win32_x86_64/bin/../lib/gcc/avr/7.3.0/../../../../avr/lib/avr5/crtatmega328p.o
 .debug_str     0x0000000000000208     0x704e ./src/main.o
                                       0x70f9 (size before relaxing)
 .debug_str     0x0000000000007256      0x192 ./WatchDog/WDGDRV.o
                                       0x71c7 (size before relaxing)
 .debug_str     0x00000000000073e8       0x5d ./WatchDog/WDGM.o
                                       0x6e59 (size before relaxing)
 .debug_str     0x0000000000007445      0x1c6 ./Nvic/Nvic.o
                                       0x30eb (size before relaxing)
 .debug_str     0x000000000000760b      0x41c ./Led/LEDM.o
                                       0x70bd (size before relaxing)
 .debug_str     0x0000000000007a27       0xe1 ./Gpio/GPIO.o
                                       0x3037 (size before relaxing)

.debug_loc      0x0000000000000000      0x281
 *(.debug_loc)
 .debug_loc     0x0000000000000000       0x63 ./src/main.o
 .debug_loc     0x0000000000000063      0x109 ./WatchDog/WDGDRV.o
 .debug_loc     0x000000000000016c       0xf4 ./Nvic/Nvic.o
 .debug_loc     0x0000000000000260       0x21 ./Gpio/GPIO.o

.debug_macinfo
 *(.debug_macinfo)

.debug_weaknames
 *(.debug_weaknames)

.debug_funcnames
 *(.debug_funcnames)

.debug_typenames
 *(.debug_typenames)

.debug_varnames
 *(.debug_varnames)

.debug_pubtypes
 *(.debug_pubtypes)

.debug_ranges   0x0000000000000000       0xb8
 *(.debug_ranges)
 .debug_ranges  0x0000000000000000       0x28 ./src/main.o
 .debug_ranges  0x0000000000000028       0x20 ./WatchDog/WDGDRV.o
 .debug_ranges  0x0000000000000048       0x28 ./WatchDog/WDGM.o
 .debug_ranges  0x0000000000000070       0x18 ./Nvic/Nvic.o
 .debug_ranges  0x0000000000000088       0x18 ./Led/LEDM.o
 .debug_ranges  0x00000000000000a0       0x18 ./Gpio/GPIO.o

.debug_macro    0x0000000000000000     0x3064
 *(.debug_macro)
 .debug_macro   0x0000000000000000       0xc6 ./src/main.o
 .debug_macro   0x00000000000000c6      0xb2c ./src/main.o
 .debug_macro   0x0000000000000bf2       0x16 ./src/main.o
 .debug_macro   0x0000000000000c08       0xd6 ./src/main.o
 .debug_macro   0x0000000000000cde       0x10 ./src/main.o
 .debug_macro   0x0000000000000cee      0x1c9 ./src/main.o
 .debug_macro   0x0000000000000eb7      0x2fc ./src/main.o
 .debug_macro   0x00000000000011b3       0x9e ./src/main.o
 .debug_macro   0x0000000000001251     0x1411 ./src/main.o
 .debug_macro   0x0000000000002662      0x13a ./src/main.o
 .debug_macro   0x000000000000279c       0xb7 ./src/main.o
 .debug_macro   0x0000000000002853       0x34 ./src/main.o
 .debug_macro   0x0000000000002887       0x18 ./src/main.o
 .debug_macro   0x000000000000289f       0x6c ./src/main.o
 .debug_macro   0x000000000000290b       0x63 ./src/main.o
 .debug_macro   0x000000000000296e       0xbc ./WatchDog/WDGDRV.o
 .debug_macro   0x0000000000002a2a       0x62 ./WatchDog/WDGDRV.o
 .debug_macro   0x0000000000002a8c       0x69 ./WatchDog/WDGDRV.o
 .debug_macro   0x0000000000002af5       0xb3 ./WatchDog/WDGM.o
 .debug_macro   0x0000000000002ba8       0xd6 ./WatchDog/WDGM.o
 .debug_macro   0x0000000000002c7e       0x46 ./Nvic/Nvic.o
 .debug_macro   0x0000000000002cc4       0x22 ./Nvic/Nvic.o
 .debug_macro   0x0000000000002ce6       0xd4 ./Led/LEDM.o
 .debug_macro   0x0000000000002dba       0x1c ./Led/LEDM.o
 .debug_macro   0x0000000000002dd6      0x10e ./Led/LEDM.o
 .debug_macro   0x0000000000002ee4       0x66 ./Led/LEDM.o
 .debug_macro   0x0000000000002f4a       0xbd ./Led/LEDM.o
 .debug_macro   0x0000000000003007       0x47 ./Gpio/GPIO.o
 .debug_macro   0x000000000000304e       0x16 ./Gpio/GPIO.o
OUTPUT(Embedded_Final_Project.elf elf32-avr)
LOAD linker stubs
