Archive member included to satisfy reference by file (symbol)

c:/users/sara/downloads/gcc-arm-none-eabi-10.3-2021.10-win32/gcc-arm-none-eabi-10.3-2021.10/bin/../lib/gcc/arm-none-eabi/10.3.1/thumb/v7e-m/nofp\libgcc.a(_aeabi_ldivmod.o)
                              ./system/src/stm32f4-hal/stm32f4xx_hal_rcc.o (__aeabi_ldivmod)
c:/users/sara/downloads/gcc-arm-none-eabi-10.3-2021.10-win32/gcc-arm-none-eabi-10.3-2021.10/bin/../lib/gcc/arm-none-eabi/10.3.1/thumb/v7e-m/nofp\libgcc.a(_aeabi_uldivmod.o)
                              ./system/src/stm32f4-hal/stm32f4xx_hal_rcc.o (__aeabi_uldivmod)
c:/users/sara/downloads/gcc-arm-none-eabi-10.3-2021.10-win32/gcc-arm-none-eabi-10.3-2021.10/bin/../lib/gcc/arm-none-eabi/10.3.1/thumb/v7e-m/nofp\libgcc.a(_udivmoddi4.o)
                              c:/users/sara/downloads/gcc-arm-none-eabi-10.3-2021.10-win32/gcc-arm-none-eabi-10.3-2021.10/bin/../lib/gcc/arm-none-eabi/10.3.1/thumb/v7e-m/nofp\libgcc.a(_aeabi_ldivmod.o) (__udivmoddi4)
c:/users/sara/downloads/gcc-arm-none-eabi-10.3-2021.10-win32/gcc-arm-none-eabi-10.3-2021.10/bin/../lib/gcc/arm-none-eabi/10.3.1/thumb/v7e-m/nofp\libgcc.a(_dvmd_tls.o)
                              c:/users/sara/downloads/gcc-arm-none-eabi-10.3-2021.10-win32/gcc-arm-none-eabi-10.3-2021.10/bin/../lib/gcc/arm-none-eabi/10.3.1/thumb/v7e-m/nofp\libgcc.a(_aeabi_ldivmod.o) (__aeabi_ldiv0)
c:/users/sara/downloads/gcc-arm-none-eabi-10.3-2021.10-win32/gcc-arm-none-eabi-10.3-2021.10/bin/../lib/gcc/arm-none-eabi/10.3.1/../../../../arm-none-eabi/lib/thumb/v7e-m/nofp\libg_nano.a(lib_a-errno.o)
                              ./system/src/newlib/sbrk.o (__errno)
c:/users/sara/downloads/gcc-arm-none-eabi-10.3-2021.10-win32/gcc-arm-none-eabi-10.3-2021.10/bin/../lib/gcc/arm-none-eabi/10.3.1/../../../../arm-none-eabi/lib/thumb/v7e-m/nofp\libg_nano.a(lib_a-impure.o)
                              c:/users/sara/downloads/gcc-arm-none-eabi-10.3-2021.10-win32/gcc-arm-none-eabi-10.3-2021.10/bin/../lib/gcc/arm-none-eabi/10.3.1/../../../../arm-none-eabi/lib/thumb/v7e-m/nofp\libg_nano.a(lib_a-errno.o) (_impure_ptr)

Discarded input sections

 .text          0x00000000        0x0 ./system/src/stm32f4-hal/stm32f4xx_hal.o
 .data          0x00000000        0x0 ./system/src/stm32f4-hal/stm32f4xx_hal.o
 .bss           0x00000000        0x0 ./system/src/stm32f4-hal/stm32f4xx_hal.o
 .text.HAL_MspDeInit
                0x00000000        0x2 ./system/src/stm32f4-hal/stm32f4xx_hal.o
 .text.HAL_DeInit
                0x00000000       0x2c ./system/src/stm32f4-hal/stm32f4xx_hal.o
 .text.HAL_IncTick
                0x00000000       0x18 ./system/src/stm32f4-hal/stm32f4xx_hal.o
 .text.HAL_GetTickPrio
                0x00000000        0xc ./system/src/stm32f4-hal/stm32f4xx_hal.o
 .text.HAL_SetTickFreq
                0x00000000       0x28 ./system/src/stm32f4-hal/stm32f4xx_hal.o
 .text.HAL_GetTickFreq
                0x00000000        0xc ./system/src/stm32f4-hal/stm32f4xx_hal.o
 .text.HAL_Delay
                0x00000000       0x28 ./system/src/stm32f4-hal/stm32f4xx_hal.o
 .text.HAL_SuspendTick
                0x00000000        0xe ./system/src/stm32f4-hal/stm32f4xx_hal.o
 .text.HAL_ResumeTick
                0x00000000        0xe ./system/src/stm32f4-hal/stm32f4xx_hal.o
 .text.HAL_GetHalVersion
                0x00000000        0x8 ./system/src/stm32f4-hal/stm32f4xx_hal.o
 .text.HAL_GetREVID
                0x00000000        0xc ./system/src/stm32f4-hal/stm32f4xx_hal.o
 .text.HAL_GetDEVID
                0x00000000       0x10 ./system/src/stm32f4-hal/stm32f4xx_hal.o
 .text.HAL_DBGMCU_EnableDBGSleepMode
                0x00000000       0x10 ./system/src/stm32f4-hal/stm32f4xx_hal.o
 .text.HAL_DBGMCU_DisableDBGSleepMode
                0x00000000       0x10 ./system/src/stm32f4-hal/stm32f4xx_hal.o
 .text.HAL_DBGMCU_EnableDBGStopMode
                0x00000000       0x10 ./system/src/stm32f4-hal/stm32f4xx_hal.o
 .text.HAL_DBGMCU_DisableDBGStopMode
                0x00000000       0x10 ./system/src/stm32f4-hal/stm32f4xx_hal.o
 .text.HAL_DBGMCU_EnableDBGStandbyMode
                0x00000000       0x10 ./system/src/stm32f4-hal/stm32f4xx_hal.o
 .text.HAL_DBGMCU_DisableDBGStandbyMode
                0x00000000       0x10 ./system/src/stm32f4-hal/stm32f4xx_hal.o
 .text.HAL_EnableCompensationCell
                0x00000000       0x10 ./system/src/stm32f4-hal/stm32f4xx_hal.o
 .text.HAL_DisableCompensationCell
                0x00000000       0x10 ./system/src/stm32f4-hal/stm32f4xx_hal.o
 .text.HAL_GetUIDw0
                0x00000000        0xc ./system/src/stm32f4-hal/stm32f4xx_hal.o
 .text.HAL_GetUIDw1
                0x00000000        0xc ./system/src/stm32f4-hal/stm32f4xx_hal.o
 .text.HAL_GetUIDw2
                0x00000000        0xc ./system/src/stm32f4-hal/stm32f4xx_hal.o
 .text          0x00000000        0x0 ./system/src/stm32f4-hal/stm32f4xx_hal_cortex.o
 .data          0x00000000        0x0 ./system/src/stm32f4-hal/stm32f4xx_hal_cortex.o
 .bss           0x00000000        0x0 ./system/src/stm32f4-hal/stm32f4xx_hal_cortex.o
 .text.HAL_NVIC_EnableIRQ
                0x00000000       0x1c ./system/src/stm32f4-hal/stm32f4xx_hal_cortex.o
 .text.HAL_NVIC_DisableIRQ
                0x00000000       0x28 ./system/src/stm32f4-hal/stm32f4xx_hal_cortex.o
 .text.HAL_NVIC_SystemReset
                0x00000000       0x24 ./system/src/stm32f4-hal/stm32f4xx_hal_cortex.o
 .text.HAL_MPU_Disable
                0x00000000       0x1c ./system/src/stm32f4-hal/stm32f4xx_hal_cortex.o
 .text.HAL_MPU_Enable
                0x00000000       0x20 ./system/src/stm32f4-hal/stm32f4xx_hal_cortex.o
 .text.HAL_MPU_ConfigRegion
                0x00000000       0x58 ./system/src/stm32f4-hal/stm32f4xx_hal_cortex.o
 .text.HAL_NVIC_GetPriorityGrouping
                0x00000000       0x10 ./system/src/stm32f4-hal/stm32f4xx_hal_cortex.o
 .text.HAL_NVIC_GetPriority
                0x00000000       0x5c ./system/src/stm32f4-hal/stm32f4xx_hal_cortex.o
 .text.HAL_NVIC_SetPendingIRQ
                0x00000000       0x20 ./system/src/stm32f4-hal/stm32f4xx_hal_cortex.o
 .text.HAL_NVIC_GetPendingIRQ
                0x00000000       0x24 ./system/src/stm32f4-hal/stm32f4xx_hal_cortex.o
 .text.HAL_NVIC_ClearPendingIRQ
                0x00000000       0x20 ./system/src/stm32f4-hal/stm32f4xx_hal_cortex.o
 .text.HAL_NVIC_GetActive
                0x00000000       0x24 ./system/src/stm32f4-hal/stm32f4xx_hal_cortex.o
 .text.HAL_SYSTICK_CLKSourceConfig
                0x00000000       0x16 ./system/src/stm32f4-hal/stm32f4xx_hal_cortex.o
 .text.HAL_SYSTICK_Callback
                0x00000000        0x2 ./system/src/stm32f4-hal/stm32f4xx_hal_cortex.o
 .text.HAL_SYSTICK_IRQHandler
                0x00000000        0x8 ./system/src/stm32f4-hal/stm32f4xx_hal_cortex.o
 .text          0x00000000        0x0 ./system/src/stm32f4-hal/stm32f4xx_hal_flash.o
 .data          0x00000000        0x0 ./system/src/stm32f4-hal/stm32f4xx_hal_flash.o
 .bss           0x00000000        0x0 ./system/src/stm32f4-hal/stm32f4xx_hal_flash.o
 .text.FLASH_Program_DoubleWord
                0x00000000       0x2c ./system/src/stm32f4-hal/stm32f4xx_hal_flash.o
 .text.FLASH_Program_Word
                0x00000000       0x24 ./system/src/stm32f4-hal/stm32f4xx_hal_flash.o
 .text.FLASH_Program_HalfWord
                0x00000000       0x24 ./system/src/stm32f4-hal/stm32f4xx_hal_flash.o
 .text.FLASH_SetErrorCode
                0x00000000       0x8c ./system/src/stm32f4-hal/stm32f4xx_hal_flash.o
 .text.HAL_FLASH_Program_IT
                0x00000000       0x74 ./system/src/stm32f4-hal/stm32f4xx_hal_flash.o
 .text.HAL_FLASH_EndOfOperationCallback
                0x00000000        0x2 ./system/src/stm32f4-hal/stm32f4xx_hal_flash.o
 .text.HAL_FLASH_OperationErrorCallback
                0x00000000        0x2 ./system/src/stm32f4-hal/stm32f4xx_hal_flash.o
 .text.HAL_FLASH_IRQHandler
                0x00000000       0xc4 ./system/src/stm32f4-hal/stm32f4xx_hal_flash.o
 .text.HAL_FLASH_Unlock
                0x00000000       0x24 ./system/src/stm32f4-hal/stm32f4xx_hal_flash.o
 .text.HAL_FLASH_Lock
                0x00000000       0x14 ./system/src/stm32f4-hal/stm32f4xx_hal_flash.o
 .text.HAL_FLASH_OB_Unlock
                0x00000000       0x24 ./system/src/stm32f4-hal/stm32f4xx_hal_flash.o
 .text.HAL_FLASH_OB_Lock
                0x00000000       0x14 ./system/src/stm32f4-hal/stm32f4xx_hal_flash.o
 .text.HAL_FLASH_GetError
                0x00000000        0xc ./system/src/stm32f4-hal/stm32f4xx_hal_flash.o
 .text.FLASH_WaitForLastOperation
                0x00000000       0x50 ./system/src/stm32f4-hal/stm32f4xx_hal_flash.o
 .text.HAL_FLASH_Program
                0x00000000       0x8c ./system/src/stm32f4-hal/stm32f4xx_hal_flash.o
 .text.HAL_FLASH_OB_Launch
                0x00000000       0x18 ./system/src/stm32f4-hal/stm32f4xx_hal_flash.o
 .bss.pFlash    0x00000000       0x20 ./system/src/stm32f4-hal/stm32f4xx_hal_flash.o
 .debug_info    0x00000000      0x741 ./system/src/stm32f4-hal/stm32f4xx_hal_flash.o
 .debug_abbrev  0x00000000      0x303 ./system/src/stm32f4-hal/stm32f4xx_hal_flash.o
 .debug_loc     0x00000000      0x335 ./system/src/stm32f4-hal/stm32f4xx_hal_flash.o
 .debug_aranges
                0x00000000       0x90 ./system/src/stm32f4-hal/stm32f4xx_hal_flash.o
 .debug_ranges  0x00000000       0xb0 ./system/src/stm32f4-hal/stm32f4xx_hal_flash.o
 .debug_line    0x00000000      0x720 ./system/src/stm32f4-hal/stm32f4xx_hal_flash.o
 .debug_str     0x00000000      0x538 ./system/src/stm32f4-hal/stm32f4xx_hal_flash.o
 .comment       0x00000000       0x4a ./system/src/stm32f4-hal/stm32f4xx_hal_flash.o
 .debug_frame   0x00000000      0x150 ./system/src/stm32f4-hal/stm32f4xx_hal_flash.o
 .ARM.attributes
                0x00000000       0x2e ./system/src/stm32f4-hal/stm32f4xx_hal_flash.o
 .text          0x00000000        0x0 ./system/src/stm32f4-hal/stm32f4xx_hal_flash_ex.o
 .data          0x00000000        0x0 ./system/src/stm32f4-hal/stm32f4xx_hal_flash_ex.o
 .bss           0x00000000        0x0 ./system/src/stm32f4-hal/stm32f4xx_hal_flash_ex.o
 .text.FLASH_MassErase.constprop.0
                0x00000000       0x24 ./system/src/stm32f4-hal/stm32f4xx_hal_flash_ex.o
 .text.HAL_FLASHEx_OBProgram
                0x00000000       0xb0 ./system/src/stm32f4-hal/stm32f4xx_hal_flash_ex.o
 .text.HAL_FLASHEx_OBGetConfig
                0x00000000       0x34 ./system/src/stm32f4-hal/stm32f4xx_hal_flash_ex.o
 .text.HAL_FLASHEx_AdvOBProgram
                0x00000000       0x44 ./system/src/stm32f4-hal/stm32f4xx_hal_flash_ex.o
 .text.HAL_FLASHEx_AdvOBGetConfig
                0x00000000        0xc ./system/src/stm32f4-hal/stm32f4xx_hal_flash_ex.o
 .text.HAL_FLASHEx_OB_SelectPCROP
                0x00000000       0x14 ./system/src/stm32f4-hal/stm32f4xx_hal_flash_ex.o
 .text.HAL_FLASHEx_OB_DeSelectPCROP
                0x00000000       0x14 ./system/src/stm32f4-hal/stm32f4xx_hal_flash_ex.o
 .text.FLASH_Erase_Sector
                0x00000000       0x4c ./system/src/stm32f4-hal/stm32f4xx_hal_flash_ex.o
 .text.HAL_FLASHEx_Erase_IT
                0x00000000       0x60 ./system/src/stm32f4-hal/stm32f4xx_hal_flash_ex.o
 .text.FLASH_FlushCaches
                0x00000000       0x58 ./system/src/stm32f4-hal/stm32f4xx_hal_flash_ex.o
 .text.HAL_FLASHEx_Erase
                0x00000000       0xa0 ./system/src/stm32f4-hal/stm32f4xx_hal_flash_ex.o
 .debug_info    0x00000000      0xada ./system/src/stm32f4-hal/stm32f4xx_hal_flash_ex.o
 .debug_abbrev  0x00000000      0x303 ./system/src/stm32f4-hal/stm32f4xx_hal_flash_ex.o
 .debug_loc     0x00000000      0x5ba ./system/src/stm32f4-hal/stm32f4xx_hal_flash_ex.o
 .debug_aranges
                0x00000000       0x70 ./system/src/stm32f4-hal/stm32f4xx_hal_flash_ex.o
 .debug_ranges  0x00000000       0xf8 ./system/src/stm32f4-hal/stm32f4xx_hal_flash_ex.o
 .debug_line    0x00000000      0x746 ./system/src/stm32f4-hal/stm32f4xx_hal_flash_ex.o
 .debug_str     0x00000000      0x666 ./system/src/stm32f4-hal/stm32f4xx_hal_flash_ex.o
 .comment       0x00000000       0x4a ./system/src/stm32f4-hal/stm32f4xx_hal_flash_ex.o
 .debug_frame   0x00000000       0xf0 ./system/src/stm32f4-hal/stm32f4xx_hal_flash_ex.o
 .ARM.attributes
                0x00000000       0x2e ./system/src/stm32f4-hal/stm32f4xx_hal_flash_ex.o
 .text          0x00000000        0x0 ./system/src/stm32f4-hal/stm32f4xx_hal_flash_ramfunc.o
 .data          0x00000000        0x0 ./system/src/stm32f4-hal/stm32f4xx_hal_flash_ramfunc.o
 .bss           0x00000000        0x0 ./system/src/stm32f4-hal/stm32f4xx_hal_flash_ramfunc.o
 .debug_info    0x00000000       0x6b ./system/src/stm32f4-hal/stm32f4xx_hal_flash_ramfunc.o
 .debug_abbrev  0x00000000       0x26 ./system/src/stm32f4-hal/stm32f4xx_hal_flash_ramfunc.o
 .debug_aranges
                0x00000000       0x18 ./system/src/stm32f4-hal/stm32f4xx_hal_flash_ramfunc.o
 .debug_line    0x00000000       0x1d ./system/src/stm32f4-hal/stm32f4xx_hal_flash_ramfunc.o
 .debug_str     0x00000000      0x1d3 ./system/src/stm32f4-hal/stm32f4xx_hal_flash_ramfunc.o
 .comment       0x00000000       0x4a ./system/src/stm32f4-hal/stm32f4xx_hal_flash_ramfunc.o
 .ARM.attributes
                0x00000000       0x2e ./system/src/stm32f4-hal/stm32f4xx_hal_flash_ramfunc.o
 .text          0x00000000        0x0 ./system/src/stm32f4-hal/stm32f4xx_hal_gpio.o
 .data          0x00000000        0x0 ./system/src/stm32f4-hal/stm32f4xx_hal_gpio.o
 .bss           0x00000000        0x0 ./system/src/stm32f4-hal/stm32f4xx_hal_gpio.o
 .text.HAL_GPIO_Init
                0x00000000      0x194 ./system/src/stm32f4-hal/stm32f4xx_hal_gpio.o
 .text.HAL_GPIO_DeInit
                0x00000000       0xf8 ./system/src/stm32f4-hal/stm32f4xx_hal_gpio.o
 .text.HAL_GPIO_ReadPin
                0x00000000        0xc ./system/src/stm32f4-hal/stm32f4xx_hal_gpio.o
 .text.HAL_GPIO_WritePin
                0x00000000        0xa ./system/src/stm32f4-hal/stm32f4xx_hal_gpio.o
 .text.HAL_GPIO_TogglePin
                0x00000000        0xe ./system/src/stm32f4-hal/stm32f4xx_hal_gpio.o
 .text.HAL_GPIO_LockPin
                0x00000000       0x2a ./system/src/stm32f4-hal/stm32f4xx_hal_gpio.o
 .text.HAL_GPIO_EXTI_Callback
                0x00000000        0x2 ./system/src/stm32f4-hal/stm32f4xx_hal_gpio.o
 .text.HAL_GPIO_EXTI_IRQHandler
                0x00000000       0x18 ./system/src/stm32f4-hal/stm32f4xx_hal_gpio.o
 .debug_info    0x00000000      0x797 ./system/src/stm32f4-hal/stm32f4xx_hal_gpio.o
 .debug_abbrev  0x00000000      0x1ed ./system/src/stm32f4-hal/stm32f4xx_hal_gpio.o
 .debug_loc     0x00000000      0x390 ./system/src/stm32f4-hal/stm32f4xx_hal_gpio.o
 .debug_aranges
                0x00000000       0x58 ./system/src/stm32f4-hal/stm32f4xx_hal_gpio.o
 .debug_ranges  0x00000000       0x60 ./system/src/stm32f4-hal/stm32f4xx_hal_gpio.o
 .debug_line    0x00000000      0x6b2 ./system/src/stm32f4-hal/stm32f4xx_hal_gpio.o
 .debug_str     0x00000000      0x4eb ./system/src/stm32f4-hal/stm32f4xx_hal_gpio.o
 .comment       0x00000000       0x4a ./system/src/stm32f4-hal/stm32f4xx_hal_gpio.o
 .debug_frame   0x00000000       0xd4 ./system/src/stm32f4-hal/stm32f4xx_hal_gpio.o
 .ARM.attributes
                0x00000000       0x2e ./system/src/stm32f4-hal/stm32f4xx_hal_gpio.o
 .text          0x00000000        0x0 ./system/src/stm32f4-hal/stm32f4xx_hal_iwdg.o
 .data          0x00000000        0x0 ./system/src/stm32f4-hal/stm32f4xx_hal_iwdg.o
 .bss           0x00000000        0x0 ./system/src/stm32f4-hal/stm32f4xx_hal_iwdg.o
 .text.HAL_IWDG_Init
                0x00000000       0x42 ./system/src/stm32f4-hal/stm32f4xx_hal_iwdg.o
 .text.HAL_IWDG_Refresh
                0x00000000        0xc ./system/src/stm32f4-hal/stm32f4xx_hal_iwdg.o
 .debug_info    0x00000000      0x200 ./system/src/stm32f4-hal/stm32f4xx_hal_iwdg.o
 .debug_abbrev  0x00000000      0x118 ./system/src/stm32f4-hal/stm32f4xx_hal_iwdg.o
 .debug_loc     0x00000000       0x90 ./system/src/stm32f4-hal/stm32f4xx_hal_iwdg.o
 .debug_aranges
                0x00000000       0x28 ./system/src/stm32f4-hal/stm32f4xx_hal_iwdg.o
 .debug_ranges  0x00000000       0x18 ./system/src/stm32f4-hal/stm32f4xx_hal_iwdg.o
 .debug_line    0x00000000      0x1fa ./system/src/stm32f4-hal/stm32f4xx_hal_iwdg.o
 .debug_str     0x00000000      0x296 ./system/src/stm32f4-hal/stm32f4xx_hal_iwdg.o
 .comment       0x00000000       0x4a ./system/src/stm32f4-hal/stm32f4xx_hal_iwdg.o
 .debug_frame   0x00000000       0x3c ./system/src/stm32f4-hal/stm32f4xx_hal_iwdg.o
 .ARM.attributes
                0x00000000       0x2e ./system/src/stm32f4-hal/stm32f4xx_hal_iwdg.o
 .text          0x00000000        0x0 ./system/src/stm32f4-hal/stm32f4xx_hal_pwr.o
 .data          0x00000000        0x0 ./system/src/stm32f4-hal/stm32f4xx_hal_pwr.o
 .bss           0x00000000        0x0 ./system/src/stm32f4-hal/stm32f4xx_hal_pwr.o
 .text.HAL_PWR_DeInit
                0x00000000       0x18 ./system/src/stm32f4-hal/stm32f4xx_hal_pwr.o
 .text.HAL_PWR_EnableBkUpAccess
                0x00000000        0xc ./system/src/stm32f4-hal/stm32f4xx_hal_pwr.o
 .text.HAL_PWR_DisableBkUpAccess
                0x00000000        0xc ./system/src/stm32f4-hal/stm32f4xx_hal_pwr.o
 .text.HAL_PWR_ConfigPVD
                0x00000000       0x70 ./system/src/stm32f4-hal/stm32f4xx_hal_pwr.o
 .text.HAL_PWR_EnablePVD
                0x00000000        0xc ./system/src/stm32f4-hal/stm32f4xx_hal_pwr.o
 .text.HAL_PWR_DisablePVD
                0x00000000        0xc ./system/src/stm32f4-hal/stm32f4xx_hal_pwr.o
 .text.HAL_PWR_EnableWakeUpPin
                0x00000000       0x10 ./system/src/stm32f4-hal/stm32f4xx_hal_pwr.o
 .text.HAL_PWR_DisableWakeUpPin
                0x00000000       0x10 ./system/src/stm32f4-hal/stm32f4xx_hal_pwr.o
 .text.HAL_PWR_EnterSLEEPMode
                0x00000000       0x20 ./system/src/stm32f4-hal/stm32f4xx_hal_pwr.o
 .text.HAL_PWR_EnterSTOPMode
                0x00000000       0x38 ./system/src/stm32f4-hal/stm32f4xx_hal_pwr.o
 .text.HAL_PWR_EnterSTANDBYMode
                0x00000000       0x20 ./system/src/stm32f4-hal/stm32f4xx_hal_pwr.o
 .text.HAL_PWR_PVDCallback
                0x00000000        0x2 ./system/src/stm32f4-hal/stm32f4xx_hal_pwr.o
 .text.HAL_PWR_PVD_IRQHandler
                0x00000000       0x1c ./system/src/stm32f4-hal/stm32f4xx_hal_pwr.o
 .text.HAL_PWR_EnableSleepOnExit
                0x00000000       0x10 ./system/src/stm32f4-hal/stm32f4xx_hal_pwr.o
 .text.HAL_PWR_DisableSleepOnExit
                0x00000000       0x10 ./system/src/stm32f4-hal/stm32f4xx_hal_pwr.o
 .text.HAL_PWR_EnableSEVOnPend
                0x00000000       0x10 ./system/src/stm32f4-hal/stm32f4xx_hal_pwr.o
 .text.HAL_PWR_DisableSEVOnPend
                0x00000000       0x10 ./system/src/stm32f4-hal/stm32f4xx_hal_pwr.o
 .debug_info    0x00000000      0x718 ./system/src/stm32f4-hal/stm32f4xx_hal_pwr.o
 .debug_abbrev  0x00000000      0x194 ./system/src/stm32f4-hal/stm32f4xx_hal_pwr.o
 .debug_loc     0x00000000       0x25 ./system/src/stm32f4-hal/stm32f4xx_hal_pwr.o
 .debug_aranges
                0x00000000       0xa0 ./system/src/stm32f4-hal/stm32f4xx_hal_pwr.o
 .debug_ranges  0x00000000       0x90 ./system/src/stm32f4-hal/stm32f4xx_hal_pwr.o
 .debug_line    0x00000000      0x379 ./system/src/stm32f4-hal/stm32f4xx_hal_pwr.o
 .debug_str     0x00000000      0x54d ./system/src/stm32f4-hal/stm32f4xx_hal_pwr.o
 .comment       0x00000000       0x4a ./system/src/stm32f4-hal/stm32f4xx_hal_pwr.o
 .debug_frame   0x00000000      0x128 ./system/src/stm32f4-hal/stm32f4xx_hal_pwr.o
 .ARM.attributes
                0x00000000       0x2e ./system/src/stm32f4-hal/stm32f4xx_hal_pwr.o
 .text          0x00000000        0x0 ./system/src/stm32f4-hal/stm32f4xx_hal_rcc.o
 .data          0x00000000        0x0 ./system/src/stm32f4-hal/stm32f4xx_hal_rcc.o
 .bss           0x00000000        0x0 ./system/src/stm32f4-hal/stm32f4xx_hal_rcc.o
 .text.HAL_RCC_DeInit
                0x00000000        0x4 ./system/src/stm32f4-hal/stm32f4xx_hal_rcc.o
 .text.HAL_RCC_OscConfig
                0x00000000      0x354 ./system/src/stm32f4-hal/stm32f4xx_hal_rcc.o
 .text.HAL_RCC_MCOConfig
                0x00000000       0x98 ./system/src/stm32f4-hal/stm32f4xx_hal_rcc.o
 .text.HAL_RCC_EnableCSS
                0x00000000        0xc ./system/src/stm32f4-hal/stm32f4xx_hal_rcc.o
 .text.HAL_RCC_DisableCSS
                0x00000000        0xc ./system/src/stm32f4-hal/stm32f4xx_hal_rcc.o
 .text.HAL_RCC_GetSysClockFreq
                0x00000000       0x5c ./system/src/stm32f4-hal/stm32f4xx_hal_rcc.o
 .text.HAL_RCC_ClockConfig
                0x00000000      0x138 ./system/src/stm32f4-hal/stm32f4xx_hal_rcc.o
 .text.HAL_RCC_GetHCLKFreq
                0x00000000        0xc ./system/src/stm32f4-hal/stm32f4xx_hal_rcc.o
 .text.HAL_RCC_GetPCLK1Freq
                0x00000000       0x20 ./system/src/stm32f4-hal/stm32f4xx_hal_rcc.o
 .text.HAL_RCC_GetPCLK2Freq
                0x00000000       0x20 ./system/src/stm32f4-hal/stm32f4xx_hal_rcc.o
 .text.HAL_RCC_GetOscConfig
                0x00000000       0x94 ./system/src/stm32f4-hal/stm32f4xx_hal_rcc.o
 .text.HAL_RCC_GetClockConfig
                0x00000000       0x3c ./system/src/stm32f4-hal/stm32f4xx_hal_rcc.o
 .text.HAL_RCC_CSSCallback
                0x00000000        0x2 ./system/src/stm32f4-hal/stm32f4xx_hal_rcc.o
 .text.HAL_RCC_NMI_IRQHandler
                0x00000000       0x18 ./system/src/stm32f4-hal/stm32f4xx_hal_rcc.o
 .debug_info    0x00000000      0xb65 ./system/src/stm32f4-hal/stm32f4xx_hal_rcc.o
 .debug_abbrev  0x00000000      0x30c ./system/src/stm32f4-hal/stm32f4xx_hal_rcc.o
 .debug_loc     0x00000000      0x4af ./system/src/stm32f4-hal/stm32f4xx_hal_rcc.o
 .debug_aranges
                0x00000000       0x88 ./system/src/stm32f4-hal/stm32f4xx_hal_rcc.o
 .debug_ranges  0x00000000       0xb0 ./system/src/stm32f4-hal/stm32f4xx_hal_rcc.o
 .debug_line    0x00000000      0xab5 ./system/src/stm32f4-hal/stm32f4xx_hal_rcc.o
 .debug_str     0x00000000      0x706 ./system/src/stm32f4-hal/stm32f4xx_hal_rcc.o
 .comment       0x00000000       0x4a ./system/src/stm32f4-hal/stm32f4xx_hal_rcc.o
 .debug_frame   0x00000000      0x13c ./system/src/stm32f4-hal/stm32f4xx_hal_rcc.o
 .ARM.attributes
                0x00000000       0x2e ./system/src/stm32f4-hal/stm32f4xx_hal_rcc.o
 .text          0x00000000        0x0 ./system/src/newlib/assert.o
 .data          0x00000000        0x0 ./system/src/newlib/assert.o
 .bss           0x00000000        0x0 ./system/src/newlib/assert.o
 .text.__assert_func
                0x00000000        0x6 ./system/src/newlib/assert.o
 .debug_info    0x00000000      0x120 ./system/src/newlib/assert.o
 .debug_abbrev  0x00000000       0xb6 ./system/src/newlib/assert.o
 .debug_loc     0x00000000       0x94 ./system/src/newlib/assert.o
 .debug_aranges
                0x00000000       0x20 ./system/src/newlib/assert.o
 .debug_ranges  0x00000000       0x10 ./system/src/newlib/assert.o
 .debug_line    0x00000000      0x114 ./system/src/newlib/assert.o
 .debug_str     0x00000000      0x200 ./system/src/newlib/assert.o
 .comment       0x00000000       0x4a ./system/src/newlib/assert.o
 .debug_frame   0x00000000       0x28 ./system/src/newlib/assert.o
 .ARM.attributes
                0x00000000       0x2e ./system/src/newlib/assert.o
 .text          0x00000000        0x0 ./system/src/newlib/cxx.o
 .data          0x00000000        0x0 ./system/src/newlib/cxx.o
 .bss           0x00000000        0x0 ./system/src/newlib/cxx.o
 .text._ZN9__gnu_cxx27__verbose_terminate_handlerEv
                0x00000000        0x6 ./system/src/newlib/cxx.o
 .text.__cxa_pure_virtual
                0x00000000        0x6 ./system/src/newlib/cxx.o
 .debug_info    0x00000000      0x7a5 ./system/src/newlib/cxx.o
 .debug_abbrev  0x00000000      0x225 ./system/src/newlib/cxx.o
 .debug_aranges
                0x00000000       0x20 ./system/src/newlib/cxx.o
 .debug_ranges  0x00000000       0x10 ./system/src/newlib/cxx.o
 .debug_line    0x00000000      0x36a ./system/src/newlib/cxx.o
 .debug_str     0x00000000      0x3fd ./system/src/newlib/cxx.o
 .comment       0x00000000       0x4a ./system/src/newlib/cxx.o
 .debug_frame   0x00000000       0x40 ./system/src/newlib/cxx.o
 .ARM.attributes
                0x00000000       0x2e ./system/src/newlib/cxx.o
 .text          0x00000000        0x0 ./system/src/newlib/exit.o
 .data          0x00000000        0x0 ./system/src/newlib/exit.o
 .bss           0x00000000        0x0 ./system/src/newlib/exit.o
 .text.abort    0x00000000        0x8 ./system/src/newlib/exit.o
 .text          0x00000000        0x0 ./system/src/newlib/sbrk.o
 .data          0x00000000        0x0 ./system/src/newlib/sbrk.o
 .bss           0x00000000        0x0 ./system/src/newlib/sbrk.o
 .text._sbrk    0x00000000       0x3c ./system/src/newlib/sbrk.o
 .bss.current_heap_end.0
                0x00000000        0x4 ./system/src/newlib/sbrk.o
 .debug_info    0x00000000      0x10e ./system/src/newlib/sbrk.o
 .debug_abbrev  0x00000000       0xca ./system/src/newlib/sbrk.o
 .debug_loc     0x00000000       0x78 ./system/src/newlib/sbrk.o
 .debug_aranges
                0x00000000       0x20 ./system/src/newlib/sbrk.o
 .debug_ranges  0x00000000       0x10 ./system/src/newlib/sbrk.o
 .debug_line    0x00000000      0x13e ./system/src/newlib/sbrk.o
 .debug_str     0x00000000      0x216 ./system/src/newlib/sbrk.o
 .comment       0x00000000       0x4a ./system/src/newlib/sbrk.o
 .debug_frame   0x00000000       0x28 ./system/src/newlib/sbrk.o
 .ARM.attributes
                0x00000000       0x2e ./system/src/newlib/sbrk.o
 .text          0x00000000        0x0 ./system/src/newlib/startup.o
 .data          0x00000000        0x0 ./system/src/newlib/startup.o
 .bss           0x00000000        0x0 ./system/src/newlib/startup.o
 .text.__initialize_data
                0x00000000       0x10 ./system/src/newlib/startup.o
 .text.__initialize_bss
                0x00000000        0xe ./system/src/newlib/startup.o
 .text.__run_init_array
                0x00000000       0x44 ./system/src/newlib/startup.o
 .text.__run_fini_array
                0x00000000       0x24 ./system/src/newlib/startup.o
 .text          0x00000000        0x0 ./system/src/newlib/syscalls.o
 .data          0x00000000        0x0 ./system/src/newlib/syscalls.o
 .bss           0x00000000        0x0 ./system/src/newlib/syscalls.o
 .text.raise    0x00000000       0x10 ./system/src/newlib/syscalls.o
 .text.kill     0x00000000       0x10 ./system/src/newlib/syscalls.o
 .bss.__dso_handle
                0x00000000        0x4 ./system/src/newlib/syscalls.o
 .bss.errno     0x00000000        0x4 ./system/src/newlib/syscalls.o
 .text          0x00000000        0x0 ./system/src/diag/trace-impl.o
 .data          0x00000000        0x0 ./system/src/diag/trace-impl.o
 .bss           0x00000000        0x0 ./system/src/diag/trace-impl.o
 .debug_line    0x00000000        0x0 ./system/src/diag/trace-impl.o
 .debug_str     0x00000000      0x12b ./system/src/diag/trace-impl.o
 .comment       0x00000000       0x4a ./system/src/diag/trace-impl.o
 .ARM.attributes
                0x00000000       0x2e ./system/src/diag/trace-impl.o
 .text          0x00000000        0x0 ./system/src/diag/trace.o
 .data          0x00000000        0x0 ./system/src/diag/trace.o
 .bss           0x00000000        0x0 ./system/src/diag/trace.o
 .debug_line    0x00000000        0x0 ./system/src/diag/trace.o
 .debug_str     0x00000000      0x126 ./system/src/diag/trace.o
 .comment       0x00000000       0x4a ./system/src/diag/trace.o
 .ARM.attributes
                0x00000000       0x2e ./system/src/diag/trace.o
 .text          0x00000000        0x0 ./system/src/cortexm/exception-handlers.o
 .data          0x00000000        0x0 ./system/src/cortexm/exception-handlers.o
 .bss           0x00000000        0x0 ./system/src/cortexm/exception-handlers.o
 .text          0x00000000        0x0 ./system/src/cortexm/initialize-hardware.o
 .data          0x00000000        0x0 ./system/src/cortexm/initialize-hardware.o
 .bss           0x00000000        0x0 ./system/src/cortexm/initialize-hardware.o
 .text          0x00000000        0x0 ./system/src/cortexm/reset-hardware.o
 .data          0x00000000        0x0 ./system/src/cortexm/reset-hardware.o
 .bss           0x00000000        0x0 ./system/src/cortexm/reset-hardware.o
 .text          0x00000000        0x0 ./system/src/cmsis/system_stm32f4xx.o
 .data          0x00000000        0x0 ./system/src/cmsis/system_stm32f4xx.o
 .bss           0x00000000        0x0 ./system/src/cmsis/system_stm32f4xx.o
 .rodata.APBPrescTable
                0x00000000        0x8 ./system/src/cmsis/system_stm32f4xx.o
 .text          0x00000000        0x0 ./system/src/cmsis/vectors_stm32f401xe.o
 .data          0x00000000        0x0 ./system/src/cmsis/vectors_stm32f401xe.o
 .bss           0x00000000        0x0 ./system/src/cmsis/vectors_stm32f401xe.o
 .text          0x00000000        0x0 ./src/main.o
 .data          0x00000000        0x0 ./src/main.o
 .bss           0x00000000        0x0 ./src/main.o
 .text          0x00000000        0x0 ./WatchDog/WDGDRV.o
 .data          0x00000000        0x0 ./WatchDog/WDGDRV.o
 .bss           0x00000000        0x0 ./WatchDog/WDGDRV.o
 .text          0x00000000        0x0 ./WatchDog/WDGM.o
 .data          0x00000000        0x0 ./WatchDog/WDGM.o
 .bss           0x00000000        0x0 ./WatchDog/WDGM.o
 .text.WDGM_PovideSuppervisionStatus
                0x00000000        0xc ./WatchDog/WDGM.o
 .text          0x00000000        0x0 ./Rcc/Rcc.o
 .data          0x00000000        0x0 ./Rcc/Rcc.o
 .bss           0x00000000        0x0 ./Rcc/Rcc.o
 .text.Rcc_Disable
                0x00000000       0x60 ./Rcc/Rcc.o
 .text          0x00000000        0x0 ./Nvic/Nvic.o
 .data          0x00000000        0x0 ./Nvic/Nvic.o
 .bss           0x00000000        0x0 ./Nvic/Nvic.o
 .text.Nvic_DisableInterrupt
                0x00000000       0x24 ./Nvic/Nvic.o
 .data.NVIC_ICER
                0x00000000        0xc ./Nvic/Nvic.o
 .text          0x00000000        0x0 ./Led/LEDM.o
 .data          0x00000000        0x0 ./Led/LEDM.o
 .bss           0x00000000        0x0 ./Led/LEDM.o
 .text          0x00000000        0x0 ./Gpio/GPIO.o
 .data          0x00000000        0x0 ./Gpio/GPIO.o
 .bss           0x00000000        0x0 ./Gpio/GPIO.o
 .text          0x00000000       0xa0 c:/users/sara/downloads/gcc-arm-none-eabi-10.3-2021.10-win32/gcc-arm-none-eabi-10.3-2021.10/bin/../lib/gcc/arm-none-eabi/10.3.1/thumb/v7e-m/nofp\libgcc.a(_aeabi_ldivmod.o)
 .data          0x00000000        0x0 c:/users/sara/downloads/gcc-arm-none-eabi-10.3-2021.10-win32/gcc-arm-none-eabi-10.3-2021.10/bin/../lib/gcc/arm-none-eabi/10.3.1/thumb/v7e-m/nofp\libgcc.a(_aeabi_ldivmod.o)
 .bss           0x00000000        0x0 c:/users/sara/downloads/gcc-arm-none-eabi-10.3-2021.10-win32/gcc-arm-none-eabi-10.3-2021.10/bin/../lib/gcc/arm-none-eabi/10.3.1/thumb/v7e-m/nofp\libgcc.a(_aeabi_ldivmod.o)
 .debug_frame   0x00000000       0x44 c:/users/sara/downloads/gcc-arm-none-eabi-10.3-2021.10-win32/gcc-arm-none-eabi-10.3-2021.10/bin/../lib/gcc/arm-none-eabi/10.3.1/thumb/v7e-m/nofp\libgcc.a(_aeabi_ldivmod.o)
 .ARM.attributes
                0x00000000       0x1e c:/users/sara/downloads/gcc-arm-none-eabi-10.3-2021.10-win32/gcc-arm-none-eabi-10.3-2021.10/bin/../lib/gcc/arm-none-eabi/10.3.1/thumb/v7e-m/nofp\libgcc.a(_aeabi_ldivmod.o)
 .text          0x00000000       0x30 c:/users/sara/downloads/gcc-arm-none-eabi-10.3-2021.10-win32/gcc-arm-none-eabi-10.3-2021.10/bin/../lib/gcc/arm-none-eabi/10.3.1/thumb/v7e-m/nofp\libgcc.a(_aeabi_uldivmod.o)
 .data          0x00000000        0x0 c:/users/sara/downloads/gcc-arm-none-eabi-10.3-2021.10-win32/gcc-arm-none-eabi-10.3-2021.10/bin/../lib/gcc/arm-none-eabi/10.3.1/thumb/v7e-m/nofp\libgcc.a(_aeabi_uldivmod.o)
 .bss           0x00000000        0x0 c:/users/sara/downloads/gcc-arm-none-eabi-10.3-2021.10-win32/gcc-arm-none-eabi-10.3-2021.10/bin/../lib/gcc/arm-none-eabi/10.3.1/thumb/v7e-m/nofp\libgcc.a(_aeabi_uldivmod.o)
 .debug_frame   0x00000000       0x2c c:/users/sara/downloads/gcc-arm-none-eabi-10.3-2021.10-win32/gcc-arm-none-eabi-10.3-2021.10/bin/../lib/gcc/arm-none-eabi/10.3.1/thumb/v7e-m/nofp\libgcc.a(_aeabi_uldivmod.o)
 .ARM.attributes
                0x00000000       0x1e c:/users/sara/downloads/gcc-arm-none-eabi-10.3-2021.10-win32/gcc-arm-none-eabi-10.3-2021.10/bin/../lib/gcc/arm-none-eabi/10.3.1/thumb/v7e-m/nofp\libgcc.a(_aeabi_uldivmod.o)
 .text          0x00000000      0x2d0 c:/users/sara/downloads/gcc-arm-none-eabi-10.3-2021.10-win32/gcc-arm-none-eabi-10.3-2021.10/bin/../lib/gcc/arm-none-eabi/10.3.1/thumb/v7e-m/nofp\libgcc.a(_udivmoddi4.o)
 .data          0x00000000        0x0 c:/users/sara/downloads/gcc-arm-none-eabi-10.3-2021.10-win32/gcc-arm-none-eabi-10.3-2021.10/bin/../lib/gcc/arm-none-eabi/10.3.1/thumb/v7e-m/nofp\libgcc.a(_udivmoddi4.o)
 .bss           0x00000000        0x0 c:/users/sara/downloads/gcc-arm-none-eabi-10.3-2021.10-win32/gcc-arm-none-eabi-10.3-2021.10/bin/../lib/gcc/arm-none-eabi/10.3.1/thumb/v7e-m/nofp\libgcc.a(_udivmoddi4.o)
 .ARM.extab     0x00000000        0x0 c:/users/sara/downloads/gcc-arm-none-eabi-10.3-2021.10-win32/gcc-arm-none-eabi-10.3-2021.10/bin/../lib/gcc/arm-none-eabi/10.3.1/thumb/v7e-m/nofp\libgcc.a(_udivmoddi4.o)
 .ARM.exidx     0x00000000        0x8 c:/users/sara/downloads/gcc-arm-none-eabi-10.3-2021.10-win32/gcc-arm-none-eabi-10.3-2021.10/bin/../lib/gcc/arm-none-eabi/10.3.1/thumb/v7e-m/nofp\libgcc.a(_udivmoddi4.o)
 .debug_frame   0x00000000       0x34 c:/users/sara/downloads/gcc-arm-none-eabi-10.3-2021.10-win32/gcc-arm-none-eabi-10.3-2021.10/bin/../lib/gcc/arm-none-eabi/10.3.1/thumb/v7e-m/nofp\libgcc.a(_udivmoddi4.o)
 .ARM.attributes
                0x00000000       0x2e c:/users/sara/downloads/gcc-arm-none-eabi-10.3-2021.10-win32/gcc-arm-none-eabi-10.3-2021.10/bin/../lib/gcc/arm-none-eabi/10.3.1/thumb/v7e-m/nofp\libgcc.a(_udivmoddi4.o)
 .text          0x00000000        0x4 c:/users/sara/downloads/gcc-arm-none-eabi-10.3-2021.10-win32/gcc-arm-none-eabi-10.3-2021.10/bin/../lib/gcc/arm-none-eabi/10.3.1/thumb/v7e-m/nofp\libgcc.a(_dvmd_tls.o)
 .data          0x00000000        0x0 c:/users/sara/downloads/gcc-arm-none-eabi-10.3-2021.10-win32/gcc-arm-none-eabi-10.3-2021.10/bin/../lib/gcc/arm-none-eabi/10.3.1/thumb/v7e-m/nofp\libgcc.a(_dvmd_tls.o)
 .bss           0x00000000        0x0 c:/users/sara/downloads/gcc-arm-none-eabi-10.3-2021.10-win32/gcc-arm-none-eabi-10.3-2021.10/bin/../lib/gcc/arm-none-eabi/10.3.1/thumb/v7e-m/nofp\libgcc.a(_dvmd_tls.o)
 .ARM.attributes
                0x00000000       0x1e c:/users/sara/downloads/gcc-arm-none-eabi-10.3-2021.10-win32/gcc-arm-none-eabi-10.3-2021.10/bin/../lib/gcc/arm-none-eabi/10.3.1/thumb/v7e-m/nofp\libgcc.a(_dvmd_tls.o)
 .text          0x00000000        0x0 c:/users/sara/downloads/gcc-arm-none-eabi-10.3-2021.10-win32/gcc-arm-none-eabi-10.3-2021.10/bin/../lib/gcc/arm-none-eabi/10.3.1/../../../../arm-none-eabi/lib/thumb/v7e-m/nofp\libg_nano.a(lib_a-errno.o)
 .data          0x00000000        0x0 c:/users/sara/downloads/gcc-arm-none-eabi-10.3-2021.10-win32/gcc-arm-none-eabi-10.3-2021.10/bin/../lib/gcc/arm-none-eabi/10.3.1/../../../../arm-none-eabi/lib/thumb/v7e-m/nofp\libg_nano.a(lib_a-errno.o)
 .bss           0x00000000        0x0 c:/users/sara/downloads/gcc-arm-none-eabi-10.3-2021.10-win32/gcc-arm-none-eabi-10.3-2021.10/bin/../lib/gcc/arm-none-eabi/10.3.1/../../../../arm-none-eabi/lib/thumb/v7e-m/nofp\libg_nano.a(lib_a-errno.o)
 .text.__errno  0x00000000        0xc c:/users/sara/downloads/gcc-arm-none-eabi-10.3-2021.10-win32/gcc-arm-none-eabi-10.3-2021.10/bin/../lib/gcc/arm-none-eabi/10.3.1/../../../../arm-none-eabi/lib/thumb/v7e-m/nofp\libg_nano.a(lib_a-errno.o)
 .debug_frame   0x00000000       0x20 c:/users/sara/downloads/gcc-arm-none-eabi-10.3-2021.10-win32/gcc-arm-none-eabi-10.3-2021.10/bin/../lib/gcc/arm-none-eabi/10.3.1/../../../../arm-none-eabi/lib/thumb/v7e-m/nofp\libg_nano.a(lib_a-errno.o)
 .ARM.attributes
                0x00000000       0x2e c:/users/sara/downloads/gcc-arm-none-eabi-10.3-2021.10-win32/gcc-arm-none-eabi-10.3-2021.10/bin/../lib/gcc/arm-none-eabi/10.3.1/../../../../arm-none-eabi/lib/thumb/v7e-m/nofp\libg_nano.a(lib_a-errno.o)
 .text          0x00000000        0x0 c:/users/sara/downloads/gcc-arm-none-eabi-10.3-2021.10-win32/gcc-arm-none-eabi-10.3-2021.10/bin/../lib/gcc/arm-none-eabi/10.3.1/../../../../arm-none-eabi/lib/thumb/v7e-m/nofp\libg_nano.a(lib_a-impure.o)
 .data          0x00000000        0x0 c:/users/sara/downloads/gcc-arm-none-eabi-10.3-2021.10-win32/gcc-arm-none-eabi-10.3-2021.10/bin/../lib/gcc/arm-none-eabi/10.3.1/../../../../arm-none-eabi/lib/thumb/v7e-m/nofp\libg_nano.a(lib_a-impure.o)
 .bss           0x00000000        0x0 c:/users/sara/downloads/gcc-arm-none-eabi-10.3-2021.10-win32/gcc-arm-none-eabi-10.3-2021.10/bin/../lib/gcc/arm-none-eabi/10.3.1/../../../../arm-none-eabi/lib/thumb/v7e-m/nofp\libg_nano.a(lib_a-impure.o)
 .data._impure_ptr
                0x00000000        0x4 c:/users/sara/downloads/gcc-arm-none-eabi-10.3-2021.10-win32/gcc-arm-none-eabi-10.3-2021.10/bin/../lib/gcc/arm-none-eabi/10.3.1/../../../../arm-none-eabi/lib/thumb/v7e-m/nofp\libg_nano.a(lib_a-impure.o)
 .data.impure_data
                0x00000000       0x60 c:/users/sara/downloads/gcc-arm-none-eabi-10.3-2021.10-win32/gcc-arm-none-eabi-10.3-2021.10/bin/../lib/gcc/arm-none-eabi/10.3.1/../../../../arm-none-eabi/lib/thumb/v7e-m/nofp\libg_nano.a(lib_a-impure.o)
 .rodata._global_impure_ptr
                0x00000000        0x4 c:/users/sara/downloads/gcc-arm-none-eabi-10.3-2021.10-win32/gcc-arm-none-eabi-10.3-2021.10/bin/../lib/gcc/arm-none-eabi/10.3.1/../../../../arm-none-eabi/lib/thumb/v7e-m/nofp\libg_nano.a(lib_a-impure.o)
 .ARM.attributes
                0x00000000       0x2e c:/users/sara/downloads/gcc-arm-none-eabi-10.3-2021.10-win32/gcc-arm-none-eabi-10.3-2021.10/bin/../lib/gcc/arm-none-eabi/10.3.1/../../../../arm-none-eabi/lib/thumb/v7e-m/nofp\libg_nano.a(lib_a-impure.o)

Memory Configuration

Name             Origin             Length             Attributes
RAM              0x20000000         0x00010000         xrw
CCMRAM           0x10000000         0x00000000         xrw
FLASH            0x08000000         0x00100000         xr
FLASHB1          0x00000000         0x00000000         xr
EXTMEMB0         0x00000000         0x00000000         xr
EXTMEMB1         0x00000000         0x00000000         xr
EXTMEMB2         0x00000000         0x00000000         xr
EXTMEMB3         0x00000000         0x00000000         xr
*default*        0x00000000         0xffffffff

Linker script and memory map

LOAD ./system/src/stm32f4-hal/stm32f4xx_hal.o
LOAD ./system/src/stm32f4-hal/stm32f4xx_hal_cortex.o
LOAD ./system/src/stm32f4-hal/stm32f4xx_hal_flash.o
LOAD ./system/src/stm32f4-hal/stm32f4xx_hal_flash_ex.o
LOAD ./system/src/stm32f4-hal/stm32f4xx_hal_flash_ramfunc.o
LOAD ./system/src/stm32f4-hal/stm32f4xx_hal_gpio.o
LOAD ./system/src/stm32f4-hal/stm32f4xx_hal_iwdg.o
LOAD ./system/src/stm32f4-hal/stm32f4xx_hal_pwr.o
LOAD ./system/src/stm32f4-hal/stm32f4xx_hal_rcc.o
LOAD ./system/src/newlib/assert.o
LOAD ./system/src/newlib/cxx.o
LOAD ./system/src/newlib/exit.o
LOAD ./system/src/newlib/sbrk.o
LOAD ./system/src/newlib/startup.o
LOAD ./system/src/newlib/syscalls.o
LOAD ./system/src/diag/trace-impl.o
LOAD ./system/src/diag/trace.o
LOAD ./system/src/cortexm/exception-handlers.o
LOAD ./system/src/cortexm/initialize-hardware.o
LOAD ./system/src/cortexm/reset-hardware.o
LOAD ./system/src/cmsis/system_stm32f4xx.o
LOAD ./system/src/cmsis/vectors_stm32f401xe.o
LOAD ./src/main.o
LOAD ./WatchDog/WDGDRV.o
LOAD ./WatchDog/WDGM.o
LOAD ./Rcc/Rcc.o
LOAD ./Nvic/Nvic.o
LOAD ./Led/LEDM.o
LOAD ./Gpio/GPIO.o
LOAD c:/users/sara/downloads/gcc-arm-none-eabi-10.3-2021.10-win32/gcc-arm-none-eabi-10.3-2021.10/bin/../lib/gcc/arm-none-eabi/10.3.1/../../../../arm-none-eabi/lib/thumb/v7e-m/nofp\libstdc++_nano.a
LOAD c:/users/sara/downloads/gcc-arm-none-eabi-10.3-2021.10-win32/gcc-arm-none-eabi-10.3-2021.10/bin/../lib/gcc/arm-none-eabi/10.3.1/../../../../arm-none-eabi/lib/thumb/v7e-m/nofp\libm.a
START GROUP
LOAD c:/users/sara/downloads/gcc-arm-none-eabi-10.3-2021.10-win32/gcc-arm-none-eabi-10.3-2021.10/bin/../lib/gcc/arm-none-eabi/10.3.1/thumb/v7e-m/nofp\libgcc.a
LOAD c:/users/sara/downloads/gcc-arm-none-eabi-10.3-2021.10-win32/gcc-arm-none-eabi-10.3-2021.10/bin/../lib/gcc/arm-none-eabi/10.3.1/../../../../arm-none-eabi/lib/thumb/v7e-m/nofp\libg_nano.a
LOAD c:/users/sara/downloads/gcc-arm-none-eabi-10.3-2021.10-win32/gcc-arm-none-eabi-10.3-2021.10/bin/../lib/gcc/arm-none-eabi/10.3.1/../../../../arm-none-eabi/lib/thumb/v7e-m/nofp\libc_nano.a
END GROUP
START GROUP
LOAD c:/users/sara/downloads/gcc-arm-none-eabi-10.3-2021.10-win32/gcc-arm-none-eabi-10.3-2021.10/bin/../lib/gcc/arm-none-eabi/10.3.1/thumb/v7e-m/nofp\libgcc.a
LOAD c:/users/sara/downloads/gcc-arm-none-eabi-10.3-2021.10-win32/gcc-arm-none-eabi-10.3-2021.10/bin/../lib/gcc/arm-none-eabi/10.3.1/../../../../arm-none-eabi/lib/thumb/v7e-m/nofp\libc_nano.a
END GROUP
                0x20010000                __stack = (ORIGIN (RAM) + LENGTH (RAM))
                0x20010000                _estack = __stack
                0x00000400                __Main_Stack_Size = 0x400
                [!provide]                PROVIDE (_Main_Stack_Size = __Main_Stack_Size)
                0x2000fc00                __Main_Stack_Limit = (__stack - __Main_Stack_Size)
                [!provide]                PROVIDE (_Main_Stack_Limit = __Main_Stack_Limit)
                0x00000100                _Minimum_Stack_Size = 0x100
                0x20000040                PROVIDE (_Heap_Begin = _end_noinit)
                0x2000fc00                PROVIDE (_Heap_Limit = (__stack - __Main_Stack_Size))

.isr_vector     0x08000000      0x2c6
 FILL mask 0xff
                0x08000000                __vectors_start = ABSOLUTE (.)
                0x08000000                __vectors_start__ = ABSOLUTE (.)
 *(.isr_vector)
 .isr_vector    0x08000000      0x194 ./system/src/cmsis/vectors_stm32f401xe.o
                0x08000000                __isr_vectors
 *(.cfmconfig)
 *(.after_vectors .after_vectors.*)
 .after_vectors
                0x08000194       0xcc ./system/src/newlib/startup.o
                0x08000194                _start
 .after_vectors
                0x08000260       0x64 ./system/src/cortexm/exception-handlers.o
                0x08000260                Reset_Handler
                0x08000264                NMI_Handler
                0x08000266                HardFault_Handler
                0x0800027a                HardFault_Handler_C
                0x0800027c                MemManage_Handler
                0x0800027e                BusFault_Handler
                0x08000292                BusFault_Handler_C
                0x08000294                UsageFault_Handler
                0x080002a8                UsageFault_Handler_C
                0x080002aa                SVC_Handler
                0x080002ac                DebugMon_Handler
                0x080002ae                PendSV_Handler
                0x080002b0                SysTick_Handler
 .after_vectors
                0x080002c4        0x2 ./system/src/cmsis/vectors_stm32f401xe.o
                0x080002c4                RTC_Alarm_IRQHandler
                0x080002c4                EXTI2_IRQHandler
                0x080002c4                SPI4_IRQHandler
                0x080002c4                TIM1_CC_IRQHandler
                0x080002c4                DMA2_Stream5_IRQHandler
                0x080002c4                DMA1_Stream5_IRQHandler
                0x080002c4                PVD_IRQHandler
                0x080002c4                SDIO_IRQHandler
                0x080002c4                TAMP_STAMP_IRQHandler
                0x080002c4                EXTI3_IRQHandler
                0x080002c4                TIM1_UP_TIM10_IRQHandler
                0x080002c4                I2C3_ER_IRQHandler
                0x080002c4                EXTI0_IRQHandler
                0x080002c4                I2C2_EV_IRQHandler
                0x080002c4                DMA1_Stream2_IRQHandler
                0x080002c4                FPU_IRQHandler
                0x080002c4                DMA2_Stream2_IRQHandler
                0x080002c4                SPI1_IRQHandler
                0x080002c4                TIM1_BRK_TIM9_IRQHandler
                0x080002c4                DMA2_Stream3_IRQHandler
                0x080002c4                USART6_IRQHandler
                0x080002c4                DMA2_Stream0_IRQHandler
                0x080002c4                TIM4_IRQHandler
                0x080002c4                I2C1_EV_IRQHandler
                0x080002c4                DMA1_Stream6_IRQHandler
                0x080002c4                DMA1_Stream1_IRQHandler
                0x080002c4                TIM3_IRQHandler
                0x080002c4                RCC_IRQHandler
                0x080002c4                Default_Handler
                0x080002c4                EXTI15_10_IRQHandler
                0x080002c4                ADC_IRQHandler
                0x080002c4                DMA1_Stream7_IRQHandler
                0x080002c4                TIM5_IRQHandler
                0x080002c4                DMA2_Stream7_IRQHandler
                0x080002c4                I2C3_EV_IRQHandler
                0x080002c4                EXTI9_5_IRQHandler
                0x080002c4                RTC_WKUP_IRQHandler
                0x080002c4                SPI2_IRQHandler
                0x080002c4                DMA1_Stream0_IRQHandler
                0x080002c4                EXTI4_IRQHandler
                0x080002c4                TIM2_IRQHandler
                0x080002c4                OTG_FS_WKUP_IRQHandler
                0x080002c4                TIM1_TRG_COM_TIM11_IRQHandler
                0x080002c4                EXTI1_IRQHandler
                0x080002c4                USART2_IRQHandler
                0x080002c4                I2C2_ER_IRQHandler
                0x080002c4                DMA2_Stream1_IRQHandler
                0x080002c4                FLASH_IRQHandler
                0x080002c4                DMA2_Stream4_IRQHandler
                0x080002c4                USART1_IRQHandler
                0x080002c4                OTG_FS_IRQHandler
                0x080002c4                SPI3_IRQHandler
                0x080002c4                DMA1_Stream4_IRQHandler
                0x080002c4                I2C1_ER_IRQHandler
                0x080002c4                DMA2_Stream6_IRQHandler
                0x080002c4                DMA1_Stream3_IRQHandler

.inits          0x080002c8       0x28
                0x080002c8                __data_regions_array_start = .
                0x080002c8        0x4 LONG 0x8000768 LOADADDR (.data)
                0x080002cc        0x4 LONG 0x20000000 ADDR (.data)
                0x080002d0        0x4 LONG 0x20000028 (ADDR (.data) + SIZEOF (.data))
                0x080002d4        0x4 LONG 0x8000768 LOADADDR (.data_CCMRAM)
                0x080002d8        0x4 LONG 0x10000000 ADDR (.data_CCMRAM)
                0x080002dc        0x4 LONG 0x10000000 (ADDR (.data_CCMRAM) + SIZEOF (.data_CCMRAM))
                0x080002e0                __data_regions_array_end = .
                0x080002e0                __bss_regions_array_start = .
                0x080002e0        0x4 LONG 0x20000028 ADDR (.bss)
                0x080002e4        0x4 LONG 0x20000040 (ADDR (.bss) + SIZEOF (.bss))
                0x080002e8        0x4 LONG 0x10000000 ADDR (.bss_CCMRAM)
                0x080002ec        0x4 LONG 0x10000000 (ADDR (.bss_CCMRAM) + SIZEOF (.bss_CCMRAM))
                0x080002f0                __bss_regions_array_end = .
 *(.init)
 *(.fini)
                0x080002f0                . = ALIGN (0x4)
                0x080002f0                PROVIDE (__preinit_array_start = .)
 *(.preinit_array_sysinit .preinit_array_sysinit.*)
 *(.preinit_array_platform .preinit_array_platform.*)
 *(.preinit_array .preinit_array.*)
                0x080002f0                PROVIDE (__preinit_array_end = .)
                0x080002f0                . = ALIGN (0x4)
                0x080002f0                PROVIDE (__init_array_start = .)
 *(SORT_BY_NAME(.init_array.*))
 *(.init_array)
                0x080002f0                PROVIDE (__init_array_end = .)
                0x080002f0                . = ALIGN (0x4)
                0x080002f0                PROVIDE (__fini_array_start = .)
 *(SORT_BY_NAME(.fini_array.*))
 *(.fini_array)
                0x080002f0                PROVIDE (__fini_array_end = .)

.flashtext
 *(.flashtext .flashtext.*)

.text           0x080002f0      0x478
 *(.text .text.*)
 .text.HAL_MspInit
                0x080002f0        0x2 ./system/src/stm32f4-hal/stm32f4xx_hal.o
                0x080002f0                HAL_MspInit
 *fill*         0x080002f2        0x2 
 .text.HAL_InitTick
                0x080002f4       0x48 ./system/src/stm32f4-hal/stm32f4xx_hal.o
                0x080002f4                HAL_InitTick
 .text.HAL_Init
                0x0800033c       0x34 ./system/src/stm32f4-hal/stm32f4xx_hal.o
                0x0800033c                HAL_Init
 .text.HAL_GetTick
                0x08000370        0xc ./system/src/stm32f4-hal/stm32f4xx_hal.o
                0x08000370                HAL_GetTick
 .text.HAL_NVIC_SetPriorityGrouping
                0x0800037c       0x24 ./system/src/stm32f4-hal/stm32f4xx_hal_cortex.o
                0x0800037c                HAL_NVIC_SetPriorityGrouping
 .text.HAL_NVIC_SetPriority
                0x080003a0       0x64 ./system/src/stm32f4-hal/stm32f4xx_hal_cortex.o
                0x080003a0                HAL_NVIC_SetPriority
 .text.HAL_SYSTICK_Config
                0x08000404       0x28 ./system/src/stm32f4-hal/stm32f4xx_hal_cortex.o
                0x08000404                HAL_SYSTICK_Config
 .text._exit    0x0800042c        0x6 ./system/src/newlib/exit.o
                0x0800042c                _exit
 *fill*         0x08000432        0x2 
 .text.__initialize_args
                0x08000434       0x10 ./system/src/newlib/syscalls.o
                0x08000434                __initialize_args
 .text.__initialize_hardware_early
                0x08000444       0x18 ./system/src/cortexm/initialize-hardware.o
                0x08000444                __initialize_hardware_early
 .text.__initialize_hardware
                0x0800045c        0x4 ./system/src/cortexm/initialize-hardware.o
                0x0800045c                __initialize_hardware
 .text.__reset_hardware
                0x08000460       0x24 ./system/src/cortexm/reset-hardware.o
                0x08000460                __reset_hardware
 .text.SystemInit
                0x08000484       0x10 ./system/src/cmsis/system_stm32f4xx.o
                0x08000484                SystemInit
 .text.SystemCoreClockUpdate
                0x08000494       0x74 ./system/src/cmsis/system_stm32f4xx.o
                0x08000494                SystemCoreClockUpdate
 .text.startup.main
                0x08000508       0x56 ./src/main.o
                0x08000508                main
 *fill*         0x0800055e        0x2 
 .text.WDGDrv_Init
                0x08000560       0x14 ./WatchDog/WDGDRV.o
                0x08000560                WDGDrv_Init
 .text.WDGDrv_IsrNotification
                0x08000574       0x40 ./WatchDog/WDGDRV.o
                0x08000574                WDGDrv_IsrNotification
 .text.WDGM_Init
                0x080005b4       0x30 ./WatchDog/WDGM.o
                0x080005b4                WDGM_Init
 .text.WDGM_MainFunction
                0x080005e4       0x40 ./WatchDog/WDGM.o
                0x080005e4                WDGM_MainFunction
 .text.WDGM_AlivenessIndication
                0x08000624       0x10 ./WatchDog/WDGM.o
                0x08000624                WDGM_AlivenessIndication
 .text.Rcc_Init
                0x08000634       0x14 ./Rcc/Rcc.o
                0x08000634                Rcc_Init
 .text.Rcc_Enable
                0x08000648       0x60 ./Rcc/Rcc.o
                0x08000648                Rcc_Enable
 .text.Nvic_EnableInterrupt
                0x080006a8       0x24 ./Nvic/Nvic.o
                0x080006a8                Nvic_EnableInterrupt
 .text.LEDM_Init
                0x080006cc       0x14 ./Led/LEDM.o
                0x080006cc                LEDM_Init
 .text.LEDM_Manage
                0x080006e0       0x38 ./Led/LEDM.o
                0x080006e0                LEDM_Manage
 .text.GPIO_Init
                0x08000718       0x20 ./Gpio/GPIO.o
                0x08000718                GPIO_Init
 .text.GPIO_Write
                0x08000738       0x20 ./Gpio/GPIO.o
                0x08000738                GPIO_Write
 *(.rodata .rodata.* .constdata .constdata.*)
 .rodata.AHBPrescTable
                0x08000758       0x10 ./system/src/cmsis/system_stm32f4xx.o
                0x08000758                AHBPrescTable
 *(vtable)
 *(.eh_frame*)
 *(.glue_7)
 .glue_7        0x08000768        0x0 linker stubs
 *(.glue_7t)
 .glue_7t       0x08000768        0x0 linker stubs

.vfp11_veneer   0x08000768        0x0
 .vfp11_veneer  0x08000768        0x0 linker stubs

.v4_bx          0x08000768        0x0
 .v4_bx         0x08000768        0x0 linker stubs

.iplt           0x08000768        0x0
 .iplt          0x08000768        0x0 ./system/src/stm32f4-hal/stm32f4xx_hal.o

.rel.dyn        0x08000768        0x0
 .rel.iplt      0x08000768        0x0 ./system/src/stm32f4-hal/stm32f4xx_hal.o

.ARM.extab
 *(.ARM.extab* .gnu.linkonce.armextab.*)
                0x08000768                . = ALIGN (0x4)
                0x08000768                __exidx_start = .

.ARM.exidx
 *(.ARM.exidx* .gnu.linkonce.armexidx.*)
                0x08000768                __exidx_end = .
                0x08000768                . = ALIGN (0x4)
                0x08000768                _etext = .
                0x08000768                __etext = .

.data_CCMRAM    0x10000000        0x0 load address 0x08000768
 FILL mask 0xff
 *(.data.CCMRAM .data.CCMRAM.*)
                0x10000000                . = ALIGN (0x4)
                0x08000768                _sidata = LOADADDR (.data)

.data           0x20000000       0x28 load address 0x08000768
 FILL mask 0xff
                0x20000000                _sdata = .
                0x20000000                __data_start__ = .
 *(.data_begin .data_begin.*)
 *(.data .data.*)
 .data.uwTickFreq
                0x20000000        0x1 ./system/src/stm32f4-hal/stm32f4xx_hal.o
                0x20000000                uwTickFreq
 *fill*         0x20000001        0x3 ff
 .data.uwTickPrio
                0x20000004        0x4 ./system/src/stm32f4-hal/stm32f4xx_hal.o
                0x20000004                uwTickPrio
 .data.argv.1   0x20000008        0x8 ./system/src/newlib/syscalls.o
 .data.SystemCoreClock
                0x20000010        0x4 ./system/src/cmsis/system_stm32f4xx.o
                0x20000010                SystemCoreClock
 .data.NVIC_ISER
                0x20000014        0xc ./Nvic/Nvic.o
                0x20000014                NVIC_ISER
 .data.GPIO_Addresses
                0x20000020        0x8 ./Gpio/GPIO.o
                0x20000020                GPIO_Addresses
 *(.data_end .data_end.*)
                0x20000028                . = ALIGN (0x4)
                0x20000028                _edata = .
                0x20000028                __data_end__ = .

.igot.plt       0x20000028        0x0 load address 0x08000790
 .igot.plt      0x20000028        0x0 ./system/src/stm32f4-hal/stm32f4xx_hal.o

.bss_CCMRAM     0x10000000        0x0
 *(.bss.CCMRAM .bss.CCMRAM.*)

.bss            0x20000028       0x18
                0x20000028                __bss_start__ = .
                0x20000028                _sbss = .
 *(.bss_begin .bss_begin.*)
 *(.bss .bss.*)
 .bss.uwTick    0x20000028        0x4 ./system/src/stm32f4-hal/stm32f4xx_hal.o
                0x20000028                uwTick
 .bss.name.0    0x2000002c        0x1 ./system/src/newlib/syscalls.o
 *fill*         0x2000002d        0x3 
 .bss.last_execution_time
                0x20000030        0x4 ./WatchDog/WDGM.o
                0x20000030                last_execution_time
 .bss.led_no_calls
                0x20000034        0x4 ./WatchDog/WDGM.o
 .bss.start_time
                0x20000038        0x4 ./WatchDog/WDGM.o
 .bss.status    0x2000003c        0x1 ./WatchDog/WDGM.o
 .bss.led_state
                0x2000003d        0x1 ./Led/LEDM.o
 *(COMMON)
 *(.bss_end .bss_end.*)
                0x20000040                . = ALIGN (0x4)
 *fill*         0x2000003e        0x2 
                0x20000040                __bss_end__ = .
                0x20000040                _ebss = .

.noinit_CCMRAM
 *(.noinit.CCMRAM .noinit.CCMRAM.*)

.noinit         0x20000040        0x0
                0x20000040                _noinit = .
 *(.noinit .noinit.*)
                0x20000040                . = ALIGN (0x4)
                0x20000040                _end_noinit = .
                [!provide]                PROVIDE (end = _end_noinit)
                [!provide]                PROVIDE (_end = _end_noinit)
                [!provide]                PROVIDE (__end = _end_noinit)
                [!provide]                PROVIDE (__end__ = _end_noinit)

._check_stack   0x20000040      0x100
                0x20000140                . = (. + _Minimum_Stack_Size)
 *fill*         0x20000040      0x100 

.b1text
 *(.b1text)
 *(.b1rodata)
 *(.b1rodata.*)

.eb0text
 *(.eb0text)
 *(.eb0rodata)
 *(.eb0rodata.*)

.eb1text
 *(.eb1text)
 *(.eb1rodata)
 *(.eb1rodata.*)

.eb2text
 *(.eb2text)
 *(.eb2rodata)
 *(.eb2rodata.*)

.eb3text
 *(.eb3text)
 *(.eb3rodata)
 *(.eb3rodata.*)

.stab
 *(.stab)

.stabstr
 *(.stabstr)

.stab.excl
 *(.stab.excl)

.stab.exclstr
 *(.stab.exclstr)

.stab.index
 *(.stab.index)

.stab.indexstr
 *(.stab.indexstr)

.comment        0x00000000       0x49
 *(.comment)
 .comment       0x00000000       0x49 ./system/src/stm32f4-hal/stm32f4xx_hal.o
                                 0x4a (size before relaxing)
 .comment       0x00000049       0x4a ./system/src/stm32f4-hal/stm32f4xx_hal_cortex.o
 .comment       0x00000049       0x4a ./system/src/newlib/exit.o
 .comment       0x00000049       0x4a ./system/src/newlib/startup.o
 .comment       0x00000049       0x4a ./system/src/newlib/syscalls.o
 .comment       0x00000049       0x4a ./system/src/cortexm/exception-handlers.o
 .comment       0x00000049       0x4a ./system/src/cortexm/initialize-hardware.o
 .comment       0x00000049       0x4a ./system/src/cortexm/reset-hardware.o
 .comment       0x00000049       0x4a ./system/src/cmsis/system_stm32f4xx.o
 .comment       0x00000049       0x4a ./system/src/cmsis/vectors_stm32f401xe.o
 .comment       0x00000049       0x4a ./src/main.o
 .comment       0x00000049       0x4a ./WatchDog/WDGDRV.o
 .comment       0x00000049       0x4a ./WatchDog/WDGM.o
 .comment       0x00000049       0x4a ./Rcc/Rcc.o
 .comment       0x00000049       0x4a ./Nvic/Nvic.o
 .comment       0x00000049       0x4a ./Led/LEDM.o
 .comment       0x00000049       0x4a ./Gpio/GPIO.o

.ARM.attributes
                0x00000000       0x2e
 .ARM.attributes
                0x00000000       0x2e ./system/src/stm32f4-hal/stm32f4xx_hal.o
 .ARM.attributes
                0x0000002e       0x2e ./system/src/stm32f4-hal/stm32f4xx_hal_cortex.o
 .ARM.attributes
                0x0000005c       0x2e ./system/src/newlib/exit.o
 .ARM.attributes
                0x0000008a       0x2e ./system/src/newlib/startup.o
 .ARM.attributes
                0x000000b8       0x2e ./system/src/newlib/syscalls.o
 .ARM.attributes
                0x000000e6       0x2e ./system/src/cortexm/exception-handlers.o
 .ARM.attributes
                0x00000114       0x2e ./system/src/cortexm/initialize-hardware.o
 .ARM.attributes
                0x00000142       0x2e ./system/src/cortexm/reset-hardware.o
 .ARM.attributes
                0x00000170       0x2e ./system/src/cmsis/system_stm32f4xx.o
 .ARM.attributes
                0x0000019e       0x2e ./system/src/cmsis/vectors_stm32f401xe.o
 .ARM.attributes
                0x000001cc       0x2e ./src/main.o
 .ARM.attributes
                0x000001fa       0x2e ./WatchDog/WDGDRV.o
 .ARM.attributes
                0x00000228       0x2e ./WatchDog/WDGM.o
 .ARM.attributes
                0x00000256       0x2e ./Rcc/Rcc.o
 .ARM.attributes
                0x00000284       0x2e ./Nvic/Nvic.o
 .ARM.attributes
                0x000002b2       0x2e ./Led/LEDM.o
 .ARM.attributes
                0x000002e0       0x2e ./Gpio/GPIO.o

.debug
 *(.debug)

.line
 *(.line)

.debug_srcinfo
 *(.debug_srcinfo)

.debug_sfnames
 *(.debug_sfnames)

.debug_aranges  0x00000000      0x460
 *(.debug_aranges)
 .debug_aranges
                0x00000000       0xe8 ./system/src/stm32f4-hal/stm32f4xx_hal.o
 .debug_aranges
                0x000000e8       0xa8 ./system/src/stm32f4-hal/stm32f4xx_hal_cortex.o
 .debug_aranges
                0x00000190       0x28 ./system/src/newlib/exit.o
 .debug_aranges
                0x000001b8       0x40 ./system/src/newlib/startup.o
 .debug_aranges
                0x000001f8       0x30 ./system/src/newlib/syscalls.o
 .debug_aranges
                0x00000228       0x80 ./system/src/cortexm/exception-handlers.o
 .debug_aranges
                0x000002a8       0x28 ./system/src/cortexm/initialize-hardware.o
 .debug_aranges
                0x000002d0       0x20 ./system/src/cortexm/reset-hardware.o
 .debug_aranges
                0x000002f0       0x28 ./system/src/cmsis/system_stm32f4xx.o
 .debug_aranges
                0x00000318       0x20 ./system/src/cmsis/vectors_stm32f401xe.o
 .debug_aranges
                0x00000338       0x20 ./src/main.o
 .debug_aranges
                0x00000358       0x28 ./WatchDog/WDGDRV.o
 .debug_aranges
                0x00000380       0x38 ./WatchDog/WDGM.o
 .debug_aranges
                0x000003b8       0x30 ./Rcc/Rcc.o
 .debug_aranges
                0x000003e8       0x28 ./Nvic/Nvic.o
 .debug_aranges
                0x00000410       0x28 ./Led/LEDM.o
 .debug_aranges
                0x00000438       0x28 ./Gpio/GPIO.o

.debug_pubnames
 *(.debug_pubnames)

.debug_info     0x00000000     0x3a17
 *(.debug_info .gnu.linkonce.wi.*)
 .debug_info    0x00000000      0x9a3 ./system/src/stm32f4-hal/stm32f4xx_hal.o
 .debug_info    0x000009a3      0xfc0 ./system/src/stm32f4-hal/stm32f4xx_hal_cortex.o
 .debug_info    0x00001963      0x107 ./system/src/newlib/exit.o
 .debug_info    0x00001a6a      0x50e ./system/src/newlib/startup.o
 .debug_info    0x00001f78      0x1d1 ./system/src/newlib/syscalls.o
 .debug_info    0x00002149      0x29e ./system/src/cortexm/exception-handlers.o
 .debug_info    0x000023e7      0x2af ./system/src/cortexm/initialize-hardware.o
 .debug_info    0x00002696      0x2b8 ./system/src/cortexm/reset-hardware.o
 .debug_info    0x0000294e      0x54c ./system/src/cmsis/system_stm32f4xx.o
 .debug_info    0x00002e9a       0xca ./system/src/cmsis/vectors_stm32f401xe.o
 .debug_info    0x00002f64      0x224 ./src/main.o
 .debug_info    0x00003188      0x10c ./WatchDog/WDGDRV.o
 .debug_info    0x00003294      0x18c ./WatchDog/WDGM.o
 .debug_info    0x00003420      0x148 ./Rcc/Rcc.o
 .debug_info    0x00003568      0x180 ./Nvic/Nvic.o
 .debug_info    0x000036e8      0x17c ./Led/LEDM.o
 .debug_info    0x00003864      0x1b3 ./Gpio/GPIO.o

.debug_abbrev   0x00000000     0x148d
 *(.debug_abbrev)
 .debug_abbrev  0x00000000      0x299 ./system/src/stm32f4-hal/stm32f4xx_hal.o
 .debug_abbrev  0x00000299      0x36f ./system/src/stm32f4-hal/stm32f4xx_hal_cortex.o
 .debug_abbrev  0x00000608       0xc8 ./system/src/newlib/exit.o
 .debug_abbrev  0x000006d0      0x1e4 ./system/src/newlib/startup.o
 .debug_abbrev  0x000008b4      0x10b ./system/src/newlib/syscalls.o
 .debug_abbrev  0x000009bf       0xec ./system/src/cortexm/exception-handlers.o
 .debug_abbrev  0x00000aab       0xf4 ./system/src/cortexm/initialize-hardware.o
 .debug_abbrev  0x00000b9f      0x109 ./system/src/cortexm/reset-hardware.o
 .debug_abbrev  0x00000ca8      0x119 ./system/src/cmsis/system_stm32f4xx.o
 .debug_abbrev  0x00000dc1       0xa2 ./system/src/cmsis/vectors_stm32f401xe.o
 .debug_abbrev  0x00000e63      0x107 ./src/main.o
 .debug_abbrev  0x00000f6a       0xbc ./WatchDog/WDGDRV.o
 .debug_abbrev  0x00001026       0xfd ./WatchDog/WDGM.o
 .debug_abbrev  0x00001123       0x8c ./Rcc/Rcc.o
 .debug_abbrev  0x000011af       0xde ./Nvic/Nvic.o
 .debug_abbrev  0x0000128d      0x115 ./Led/LEDM.o
 .debug_abbrev  0x000013a2       0xeb ./Gpio/GPIO.o

.debug_line     0x00000000     0x2473
 *(.debug_line)
 .debug_line    0x00000000      0x513 ./system/src/stm32f4-hal/stm32f4xx_hal.o
 .debug_line    0x00000513      0x751 ./system/src/stm32f4-hal/stm32f4xx_hal_cortex.o
 .debug_line    0x00000c64      0x1a0 ./system/src/newlib/exit.o
 .debug_line    0x00000e04      0x336 ./system/src/newlib/startup.o
 .debug_line    0x0000113a      0x1da ./system/src/newlib/syscalls.o
 .debug_line    0x00001314      0x278 ./system/src/cortexm/exception-handlers.o
 .debug_line    0x0000158c      0x154 ./system/src/cortexm/initialize-hardware.o
 .debug_line    0x000016e0      0x16b ./system/src/cortexm/reset-hardware.o
 .debug_line    0x0000184b      0x1e1 ./system/src/cmsis/system_stm32f4xx.o
 .debug_line    0x00001a2c       0x71 ./system/src/cmsis/vectors_stm32f401xe.o
 .debug_line    0x00001a9d      0x28d ./src/main.o
 .debug_line    0x00001d2a      0x142 ./WatchDog/WDGDRV.o
 .debug_line    0x00001e6c      0x18f ./WatchDog/WDGM.o
 .debug_line    0x00001ffb      0x101 ./Rcc/Rcc.o
 .debug_line    0x000020fc       0xcc ./Nvic/Nvic.o
 .debug_line    0x000021c8      0x1ad ./Led/LEDM.o
 .debug_line    0x00002375       0xfe ./Gpio/GPIO.o

.debug_frame    0x00000000      0x78c
 *(.debug_frame)
 .debug_frame   0x00000000      0x1f4 ./system/src/stm32f4-hal/stm32f4xx_hal.o
 .debug_frame   0x000001f4      0x158 ./system/src/stm32f4-hal/stm32f4xx_hal_cortex.o
 .debug_frame   0x0000034c       0x40 ./system/src/newlib/exit.o
 .debug_frame   0x0000038c       0x80 ./system/src/newlib/startup.o
 .debug_frame   0x0000040c       0x50 ./system/src/newlib/syscalls.o
 .debug_frame   0x0000045c       0xe0 ./system/src/cortexm/exception-handlers.o
 .debug_frame   0x0000053c       0x38 ./system/src/cortexm/initialize-hardware.o
 .debug_frame   0x00000574       0x20 ./system/src/cortexm/reset-hardware.o
 .debug_frame   0x00000594       0x30 ./system/src/cmsis/system_stm32f4xx.o
 .debug_frame   0x000005c4       0x20 ./system/src/cmsis/vectors_stm32f401xe.o
 .debug_frame   0x000005e4       0x28 ./src/main.o
 .debug_frame   0x0000060c       0x30 ./WatchDog/WDGDRV.o
 .debug_frame   0x0000063c       0x60 ./WatchDog/WDGM.o
 .debug_frame   0x0000069c       0x40 ./Rcc/Rcc.o
 .debug_frame   0x000006dc       0x30 ./Nvic/Nvic.o
 .debug_frame   0x0000070c       0x48 ./Led/LEDM.o
 .debug_frame   0x00000754       0x38 ./Gpio/GPIO.o

.debug_str      0x00000000     0x15fa
 *(.debug_str)
 .debug_str     0x00000000      0x9cf ./system/src/stm32f4-hal/stm32f4xx_hal.o
                                0xa18 (size before relaxing)
 .debug_str     0x000009cf      0x4bd ./system/src/stm32f4-hal/stm32f4xx_hal_cortex.o
                                0xac4 (size before relaxing)
 .debug_str     0x00000e8c       0x49 ./system/src/newlib/exit.o
                                0x1e9 (size before relaxing)
 .debug_str     0x00000ed5      0x1a8 ./system/src/newlib/startup.o
                                0x364 (size before relaxing)
 .debug_str     0x0000107d       0x5b ./system/src/newlib/syscalls.o
                                0x21e (size before relaxing)
 .debug_str     0x000010d8      0x11f ./system/src/cortexm/exception-handlers.o
                                0x2c8 (size before relaxing)
 .debug_str     0x000011f7       0x5d ./system/src/cortexm/initialize-hardware.o
                                0x299 (size before relaxing)
 .debug_str     0x00001254       0x27 ./system/src/cortexm/reset-hardware.o
                                0x25b (size before relaxing)
 .debug_str     0x0000127b       0x5e ./system/src/cmsis/system_stm32f4xx.o
                                0x39d (size before relaxing)
 .debug_str     0x000012d9       0x59 ./system/src/cmsis/vectors_stm32f401xe.o
                                0x1e8 (size before relaxing)
 .debug_str     0x00001332       0x96 ./src/main.o
                                0x250 (size before relaxing)
 .debug_str     0x000013c8       0x4b ./WatchDog/WDGDRV.o
                                0x206 (size before relaxing)
 .debug_str     0x00001413       0x93 ./WatchDog/WDGM.o
                                0x271 (size before relaxing)
 .debug_str     0x000014a6       0x42 ./Rcc/Rcc.o
                                0x207 (size before relaxing)
 .debug_str     0x000014e8       0x3f ./Nvic/Nvic.o
                                0x202 (size before relaxing)
 .debug_str     0x00001527       0x2d ./Led/LEDM.o
                                0x21c (size before relaxing)
 .debug_str     0x00001554       0xa6 ./Gpio/GPIO.o
                                0x25e (size before relaxing)

.debug_loc      0x00000000      0xfb3
 *(.debug_loc)
 .debug_loc     0x00000000      0x139 ./system/src/stm32f4-hal/stm32f4xx_hal.o
 .debug_loc     0x00000139      0x545 ./system/src/stm32f4-hal/stm32f4xx_hal_cortex.o
 .debug_loc     0x0000067e       0x25 ./system/src/newlib/exit.o
 .debug_loc     0x000006a3      0x42e ./system/src/newlib/startup.o
 .debug_loc     0x00000ad1       0x6f ./system/src/newlib/syscalls.o
 .debug_loc     0x00000b40       0x7e ./system/src/cortexm/exception-handlers.o
 .debug_loc     0x00000bbe      0x118 ./system/src/cmsis/system_stm32f4xx.o
 .debug_loc     0x00000cd6       0x6c ./src/main.o
 .debug_loc     0x00000d42       0x15 ./WatchDog/WDGM.o
 .debug_loc     0x00000d57       0xca ./Rcc/Rcc.o
 .debug_loc     0x00000e21       0xf6 ./Nvic/Nvic.o
 .debug_loc     0x00000f17       0x3c ./Led/LEDM.o
 .debug_loc     0x00000f53       0x60 ./Gpio/GPIO.o

.debug_macinfo
 *(.debug_macinfo)

.debug_weaknames
 *(.debug_weaknames)

.debug_funcnames
 *(.debug_funcnames)

.debug_typenames
 *(.debug_typenames)

.debug_varnames
 *(.debug_varnames)
OUTPUT(Final_project.elf elf32-littlearm)
LOAD linker stubs

.debug_ranges   0x00000000      0x508
 .debug_ranges  0x00000000       0xd8 ./system/src/stm32f4-hal/stm32f4xx_hal.o
 .debug_ranges  0x000000d8      0x150 ./system/src/stm32f4-hal/stm32f4xx_hal_cortex.o
 .debug_ranges  0x00000228       0x18 ./system/src/newlib/exit.o
 .debug_ranges  0x00000240       0xd0 ./system/src/newlib/startup.o
 .debug_ranges  0x00000310       0x20 ./system/src/newlib/syscalls.o
 .debug_ranges  0x00000330       0x70 ./system/src/cortexm/exception-handlers.o
 .debug_ranges  0x000003a0       0x18 ./system/src/cortexm/initialize-hardware.o
 .debug_ranges  0x000003b8       0x10 ./system/src/cortexm/reset-hardware.o
 .debug_ranges  0x000003c8       0x18 ./system/src/cmsis/system_stm32f4xx.o
 .debug_ranges  0x000003e0       0x10 ./system/src/cmsis/vectors_stm32f401xe.o
 .debug_ranges  0x000003f0       0x50 ./src/main.o
 .debug_ranges  0x00000440       0x18 ./WatchDog/WDGDRV.o
 .debug_ranges  0x00000458       0x28 ./WatchDog/WDGM.o
 .debug_ranges  0x00000480       0x20 ./Rcc/Rcc.o
 .debug_ranges  0x000004a0       0x18 ./Nvic/Nvic.o
 .debug_ranges  0x000004b8       0x38 ./Led/LEDM.o
 .debug_ranges  0x000004f0       0x18 ./Gpio/GPIO.o
